Archive member included to satisfy reference by file (symbol)

/usr/lib/gcc/arm-none-eabi/14.2.1/thumb/v6-m/nofp/libgcc.a(_dvmd_tls.o)
                              CMakeFiles/rp2040_rubber_ducky.dir/lib/pico-sdk/src/rp2_common/pico_divider/divider_hardware.S.o (__aeabi_idiv0)
/usr/lib/gcc/arm-none-eabi/14.2.1/../../../arm-none-eabi/lib/thumb/v6-m/nofp/libg.a(libc_a-strlen-stub.o)
                              CMakeFiles/rp2040_rubber_ducky.dir/src/main.c.o (strlen)
/usr/lib/gcc/arm-none-eabi/14.2.1/../../../arm-none-eabi/lib/thumb/v6-m/nofp/libg.a(libc_a-strchr.o)
                              CMakeFiles/rp2040_rubber_ducky.dir/src/main.c.o (strchr)
/usr/lib/gcc/arm-none-eabi/14.2.1/../../../arm-none-eabi/lib/thumb/v6-m/nofp/libg.a(libc_a-fini.o)
                              /usr/lib/gcc/arm-none-eabi/14.2.1/../../../arm-none-eabi/lib/thumb/v6-m/nofp/crt0.o (__libc_fini_array)
/usr/lib/gcc/arm-none-eabi/14.2.1/../../../arm-none-eabi/lib/thumb/v6-m/nofp/libg.a(libc_a-strncmp.o)
                              CMakeFiles/rp2040_rubber_ducky.dir/src/main.c.o (strncmp)
/usr/lib/gcc/arm-none-eabi/14.2.1/../../../arm-none-eabi/lib/thumb/v6-m/nofp/libg.a(libc_a-memmove.o)
                              CMakeFiles/rp2040_rubber_ducky.dir/lib/pico-sdk/lib/tinyusb/src/class/msc/msc_device.c.o (memmove)
/usr/lib/gcc/arm-none-eabi/14.2.1/../../../arm-none-eabi/lib/thumb/v6-m/nofp/libg.a(libc_a-calloc.o)
                              CMakeFiles/rp2040_rubber_ducky.dir/lib/pico-sdk/src/rp2_common/pico_malloc/malloc.c.o (calloc)
/usr/lib/gcc/arm-none-eabi/14.2.1/../../../arm-none-eabi/lib/thumb/v6-m/nofp/libg.a(libc_a-callocr.o)
                              /usr/lib/gcc/arm-none-eabi/14.2.1/../../../arm-none-eabi/lib/thumb/v6-m/nofp/libg.a(libc_a-calloc.o) (_calloc_r)
/usr/lib/gcc/arm-none-eabi/14.2.1/../../../arm-none-eabi/lib/thumb/v6-m/nofp/libg.a(libc_a-realloc.o)
                              CMakeFiles/rp2040_rubber_ducky.dir/lib/pico-sdk/src/rp2_common/pico_malloc/malloc.c.o (realloc)
/usr/lib/gcc/arm-none-eabi/14.2.1/../../../arm-none-eabi/lib/thumb/v6-m/nofp/libg.a(libc_a-mallocr.o)
                              /usr/lib/gcc/arm-none-eabi/14.2.1/../../../arm-none-eabi/lib/thumb/v6-m/nofp/libg.a(libc_a-callocr.o) (_malloc_r)
/usr/lib/gcc/arm-none-eabi/14.2.1/../../../arm-none-eabi/lib/thumb/v6-m/nofp/libg.a(libc_a-freer.o)
                              /usr/lib/gcc/arm-none-eabi/14.2.1/../../../arm-none-eabi/lib/thumb/v6-m/nofp/libg.a(libc_a-mallocr.o) (_free_r)
/usr/lib/gcc/arm-none-eabi/14.2.1/../../../arm-none-eabi/lib/thumb/v6-m/nofp/libg.a(libc_a-memcmp.o)
                              CMakeFiles/rp2040_rubber_ducky.dir/lib/fatfs/source/ff.c.o (memcmp)
/usr/lib/gcc/arm-none-eabi/14.2.1/../../../arm-none-eabi/lib/thumb/v6-m/nofp/libg.a(libc_a-atoi.o)
                              CMakeFiles/rp2040_rubber_ducky.dir/src/main.c.o (atoi)
/usr/lib/gcc/arm-none-eabi/14.2.1/../../../arm-none-eabi/lib/thumb/v6-m/nofp/libg.a(libc_a-strtol.o)
                              /usr/lib/gcc/arm-none-eabi/14.2.1/../../../arm-none-eabi/lib/thumb/v6-m/nofp/libg.a(libc_a-atoi.o) (_strtol_r)
/usr/lib/gcc/arm-none-eabi/14.2.1/../../../arm-none-eabi/lib/thumb/v6-m/nofp/libg.a(libc_a-errno.o)
                              /usr/lib/gcc/arm-none-eabi/14.2.1/../../../arm-none-eabi/lib/thumb/v6-m/nofp/libg.a(libc_a-callocr.o) (__errno)
/usr/lib/gcc/arm-none-eabi/14.2.1/../../../arm-none-eabi/lib/thumb/v6-m/nofp/libg.a(libc_a-malloc.o)
                              CMakeFiles/rp2040_rubber_ducky.dir/lib/pico-sdk/src/rp2_common/pico_malloc/malloc.c.o (malloc)
/usr/lib/gcc/arm-none-eabi/14.2.1/../../../arm-none-eabi/lib/thumb/v6-m/nofp/libg.a(libc_a-reallocr.o)
                              /usr/lib/gcc/arm-none-eabi/14.2.1/../../../arm-none-eabi/lib/thumb/v6-m/nofp/libg.a(libc_a-realloc.o) (_realloc_r)
/usr/lib/gcc/arm-none-eabi/14.2.1/../../../arm-none-eabi/lib/thumb/v6-m/nofp/libg.a(libc_a-mktime.o)
                              CMakeFiles/rp2040_rubber_ducky.dir/lib/pico-sdk/src/common/pico_util/datetime.c.o (mktime)
/usr/lib/gcc/arm-none-eabi/14.2.1/../../../arm-none-eabi/lib/thumb/v6-m/nofp/libg.a(libc_a-mlock.o)
                              /usr/lib/gcc/arm-none-eabi/14.2.1/../../../arm-none-eabi/lib/thumb/v6-m/nofp/libg.a(libc_a-mallocr.o) (__malloc_lock)
/usr/lib/gcc/arm-none-eabi/14.2.1/../../../arm-none-eabi/lib/thumb/v6-m/nofp/libg.a(libc_a-tzlock.o)
                              /usr/lib/gcc/arm-none-eabi/14.2.1/../../../arm-none-eabi/lib/thumb/v6-m/nofp/libg.a(libc_a-mktime.o) (__tz_lock)
/usr/lib/gcc/arm-none-eabi/14.2.1/../../../arm-none-eabi/lib/thumb/v6-m/nofp/libg.a(libc_a-sbrkr.o)
                              /usr/lib/gcc/arm-none-eabi/14.2.1/../../../arm-none-eabi/lib/thumb/v6-m/nofp/libg.a(libc_a-mallocr.o) (_sbrk_r)
/usr/lib/gcc/arm-none-eabi/14.2.1/../../../arm-none-eabi/lib/thumb/v6-m/nofp/libg.a(libc_a-ctype_.o)
                              CMakeFiles/rp2040_rubber_ducky.dir/src/main.c.o (_ctype_)
[...]
Memory Configuration

Name             Origin             Length             Attributes
FLASH            0x10000000         0x00200000         xr
RAM              0x20000000         0x00040000         xrw
SCRATCH_X        0x20040000         0x00001000         xrw
SCRATCH_Y        0x20041000         0x00001000         xrw
*default*        0x00000000         0xffffffff

Linker script and memory map

LOAD /usr/lib/gcc/arm-none-eabi/14.2.1/thumb/v6-m/nofp/crti.o
LOAD /usr/lib/gcc/arm-none-eabi/14.2.1/thumb/v6-m/nofp/crtbegin.o
LOAD /usr/lib/gcc/arm-none-eabi/14.2.1/../../../arm-none-eabi/lib/thumb/v6-m/nofp/crt0.o

.flash_begin    0x10000000        0x0
                0x10000000                        __flash_binary_start = .

.boot2          0x10000000      0x100
                0x10000000                        __boot2_start__ = .
 *(.boot2)
 .boot2         0x10000000      0x100 pico-sdk/src/rp2040/boot_stage2/CMakeFiles/bs2_default_library.dir/bs2_default_padded_checksummed.S.o
                0x10000100                        __boot2_end__ = .
                0x00000001                        ASSERT (((__boot2_end__ - __boot2_start__) == 0x100), ERROR: Pico second stage bootloader must be 256 bytes in size)

.text           0x10000100     0x92f0
                0x10000100                        __logical_binary_start = .
 *(.vectors)
 .vectors       0x10000100       0xd4 CMakeFiles/rp2040_rubber_ducky.dir/lib/pico-sdk/src/rp2_common/pico_crt0/crt0.S.o
                0x10000100                __vectors
                0x10000100                __VECTOR_TABLE
                0x100001c0                isr_invalid
                0x100001c0                __default_isrs_start
                0x100001c2                isr_nmi
                0x100001c4                isr_hardfault
                0x100001c6                isr_svcall
                0x100001c8                isr_pendsv
                0x100001ca                isr_systick
                0x100001cc                isr_irq30
                0x100001cc                __unhandled_user_irq
                0x100001cc                isr_irq13
                0x100001cc                isr_irq27
                0x100001cc                isr_irq31
                0x100001cc                isr_irq5
                0x100001cc                isr_irq11
                0x100001cc                isr_irq23
                0x100001cc                isr_irq18
                0x100001cc                isr_irq28
                0x100001cc                isr_irq19
                0x100001cc                isr_irq0
                0x100001cc                isr_irq6
                0x100001cc                isr_irq22
                0x100001cc                isr_irq17
                0x100001cc                isr_irq14
                0x100001cc                isr_irq2
                0x100001cc                isr_irq10
                0x100001cc                isr_irq8
                0x100001cc                isr_irq24
                0x100001cc                isr_irq1
                0x100001cc                isr_irq7
                0x100001cc                isr_irq21
                0x100001cc                isr_irq20
                0x100001cc                isr_irq15
                0x100001cc                isr_irq25
                0x100001cc                isr_irq4
                0x100001cc                isr_irq16
                0x100001cc                isr_irq29
                0x100001cc                isr_irq26
                0x100001cc                __default_isrs_end
                0x100001cc                isr_irq3
                0x100001cc                isr_irq12
                0x100001cc                isr_irq9
                0x100001d2                unhandled_user_irq_num_in_r0
 *(.binary_info_header)
 .binary_info_header
                0x100001d4       0x14 CMakeFiles/rp2040_rubber_ducky.dir/lib/pico-sdk/src/rp2_common/pico_crt0/crt0.S.o
                0x100001e8                        __binary_info_header_end = .
 *(.embedded_block)
                0x100001e8                        __embedded_block_end = .
 *(.reset)
 .reset         0x100001e8       0x9c CMakeFiles/rp2040_rubber_ducky.dir/lib/pico-sdk/src/rp2_common/pico_crt0/crt0.S.o
                0x100001e8                _entry_point
 *(.init)
 .init          0x10000284        0x4 /usr/lib/gcc/arm-none-eabi/14.2.1/thumb/v6-m/nofp/crti.o
                0x10000284                _init
 *(EXCLUDE_FILE(*libm.a: *libc.a:*lib_a-mem*.o *libgcc.a:) .text*)
 .text          0x10000288       0x98 /usr/lib/gcc/arm-none-eabi/14.2.1/thumb/v6-m/nofp/crtbegin.o
 .text.tud_descriptor_device_cb
                0x10000320        0x8 CMakeFiles/rp2040_rubber_ducky.dir/src/main.c.o
                0x10000320                tud_descriptor_device_cb
 .text.tud_descriptor_configuration_cb
                0x10000328        0x8 CMakeFiles/rp2040_rubber_ducky.dir/src/main.c.o
                0x10000328                tud_descriptor_configuration_cb
 .text.tud_hid_descriptor_report_cb
                0x10000330        0x8 CMakeFiles/rp2040_rubber_ducky.dir/src/main.c.o
                0x10000330                tud_hid_descriptor_report_cb
 .text.tud_descriptor_string_cb
                0x10000338       0x74 CMakeFiles/rp2040_rubber_ducky.dir/src/main.c.o
                0x10000338                tud_descriptor_string_cb
 .text.init_sd_card
                0x100003ac       0xf4 CMakeFiles/rp2040_rubber_ducky.dir/src/main.c.o
                0x100003ac                init_sd_card
 .text.load_ducky_script
                0x100004a0       0xa0 CMakeFiles/rp2040_rubber_ducky.dir/src/main.c.o
                0x100004a0                load_ducky_script
 .text.char_to_keycode
                0x10000540       0xb4 CMakeFiles/rp2040_rubber_ducky.dir/src/main.c.o
                0x10000540                char_to_keycode
 .text.parse_ducky_command
                0x100005f4      0x220 CMakeFiles/rp2040_rubber_ducky.dir/src/main.c.o
                0x100005f4                parse_ducky_command
 .text.process_ducky_script
                0x10000814       0xdc CMakeFiles/rp2040_rubber_ducky.dir/src/main.c.o
                0x10000814                process_ducky_script
 .text.tud_hid_get_report_cb
                0x100008f0        0x4 CMakeFiles/rp2040_rubber_ducky.dir/src/main.c.o
                0x100008f0                tud_hid_get_report_cb
 .text.tud_hid_set_report_cb
                0x100008f4        0x4 CMakeFiles/rp2040_rubber_ducky.dir/src/main.c.o
                0x100008f4                tud_hid_set_report_cb
 .text.tud_msc_inquiry_cb
                0x100008f8       0x60 CMakeFiles/rp2040_rubber_ducky.dir/src/main.c.o
                0x100008f8                tud_msc_inquiry_cb
 .text.tud_msc_test_unit_ready_cb
                0x10000958        0xc CMakeFiles/rp2040_rubber_ducky.dir/src/main.c.o
                0x10000958                tud_msc_test_unit_ready_cb
 .text.tud_msc_capacity_cb
                0x10000964       0x24 CMakeFiles/rp2040_rubber_ducky.dir/src/main.c.o
                0x10000964                tud_msc_capacity_cb
 .text.tud_msc_start_stop_cb
                0x10000988        0x4 CMakeFiles/rp2040_rubber_ducky.dir/src/main.c.o
                0x10000988                tud_msc_start_stop_cb
 .text.tud_msc_read10_cb
                0x1000098c       0x2c CMakeFiles/rp2040_rubber_ducky.dir/src/main.c.o
                0x1000098c                tud_msc_read10_cb
 .text.tud_msc_write10_cb
                0x100009b8       0x2c CMakeFiles/rp2040_rubber_ducky.dir/src/main.c.o
                0x100009b8                tud_msc_write10_cb
 .text.tud_msc_write10_complete_cb
                0x100009e4       0x18 CMakeFiles/rp2040_rubber_ducky.dir/src/main.c.o
                0x100009e4                tud_msc_write10_complete_cb
 .text.tud_msc_scsi_cb
                0x100009fc       0x14 CMakeFiles/rp2040_rubber_ducky.dir/src/main.c.o
                0x100009fc                tud_msc_scsi_cb
 .text.blink_led
                0x10000a10       0x28 CMakeFiles/rp2040_rubber_ducky.dir/src/main.c.o
                0x10000a10                blink_led
 .text.startup.main
                0x10000a38      0x138 CMakeFiles/rp2040_rubber_ducky.dir/src/main.c.o
                0x10000a38                main
 .text.sd_send_command
                0x10000b70       0xbc CMakeFiles/rp2040_rubber_ducky.dir/src/sd_card.c.o
 .text.sd_init_driver
                0x10000c2c      0x278 CMakeFiles/rp2040_rubber_ducky.dir/src/sd_card.c.o
                0x10000c2c                sd_init_driver
 .text.sd_read_sectors
                0x10000ea4      0x1ac CMakeFiles/rp2040_rubber_ducky.dir/src/sd_card.c.o
                0x10000ea4                sd_read_sectors
 .text.sd_write_sectors
                0x10001050      0x208 CMakeFiles/rp2040_rubber_ducky.dir/src/sd_card.c.o
                0x10001050                sd_write_sectors
 .text.sd_get_sectors_count
                0x10001258        0xc CMakeFiles/rp2040_rubber_ducky.dir/src/sd_card.c.o
                0x10001258                sd_get_sectors_count
 .text.disk_initialize
                0x10001264       0x24 CMakeFiles/rp2040_rubber_ducky.dir/src/diskio.c.o
                0x10001264                disk_initialize
 .text.disk_status
                0x10001288        0x8 CMakeFiles/rp2040_rubber_ducky.dir/src/diskio.c.o
                0x10001288                disk_status
 .text.disk_read
                0x10001290       0x30 CMakeFiles/rp2040_rubber_ducky.dir/src/diskio.c.o
                0x10001290                disk_read
 .text.disk_write
                0x100012c0       0x30 CMakeFiles/rp2040_rubber_ducky.dir/src/diskio.c.o
                0x100012c0                disk_write
 .text.disk_ioctl
                0x100012f0       0x50 CMakeFiles/rp2040_rubber_ducky.dir/src/diskio.c.o
                0x100012f0                disk_ioctl
 .text.move_window
                0x10001340       0x68 CMakeFiles/rp2040_rubber_ducky.dir/lib/fatfs/source/ff.c.o
 .text.put_fat.part.0
                0x100013a8      0x12c CMakeFiles/rp2040_rubber_ducky.dir/lib/fatfs/source/ff.c.o
 .text.get_fat.isra.0
                0x100014d4       0xe0 CMakeFiles/rp2040_rubber_ducky.dir/lib/fatfs/source/ff.c.o
 .text.sync_fs  0x100015b4      0x12c CMakeFiles/rp2040_rubber_ducky.dir/lib/fatfs/source/ff.c.o
 .text.check_fs
                0x100016e0      0x140 CMakeFiles/rp2040_rubber_ducky.dir/lib/fatfs/source/ff.c.o
 .text.mount_volume
                0x10001820      0x428 CMakeFiles/rp2040_rubber_ducky.dir/lib/fatfs/source/ff.c.o
 .text.dir_sdi.constprop.0
                0x10001c48      0x160 CMakeFiles/rp2040_rubber_ducky.dir/lib/fatfs/source/ff.c.o
 .text.follow_path
                0x10001da8      0x32c CMakeFiles/rp2040_rubber_ducky.dir/lib/fatfs/source/ff.c.o
 .text.create_chain
                0x100020d4      0x260 CMakeFiles/rp2040_rubber_ducky.dir/lib/fatfs/source/ff.c.o
 .text.dir_register
                0x10002334      0x278 CMakeFiles/rp2040_rubber_ducky.dir/lib/fatfs/source/ff.c.o
 .text.remove_chain
                0x100025ac      0x274 CMakeFiles/rp2040_rubber_ducky.dir/lib/fatfs/source/ff.c.o
 .text.f_mount  0x10002820       0x60 CMakeFiles/rp2040_rubber_ducky.dir/lib/fatfs/source/ff.c.o
                0x10002820                f_mount
 .text.f_open   0x10002880      0x224 CMakeFiles/rp2040_rubber_ducky.dir/lib/fatfs/source/ff.c.o
                0x10002880                f_open
 .text.f_read   0x10002aa4      0x1c8 CMakeFiles/rp2040_rubber_ducky.dir/lib/fatfs/source/ff.c.o
                0x10002aa4                f_read
 .text.f_sync   0x10002c6c       0xc8 CMakeFiles/rp2040_rubber_ducky.dir/lib/fatfs/source/ff.c.o
                0x10002c6c                f_sync
 .text.f_close  0x10002d34       0xf0 CMakeFiles/rp2040_rubber_ducky.dir/lib/fatfs/source/ff.c.o
                0x10002d34                f_close
 .text.gpio_set_function
                0x10002e24       0x34 CMakeFiles/rp2040_rubber_ducky.dir/lib/pico-sdk/src/rp2_common/hardware_gpio/gpio.c.o
                0x10002e24                gpio_set_function
 .text.gpio_init
                0x10002e58       0x40 CMakeFiles/rp2040_rubber_ducky.dir/lib/pico-sdk/src/rp2_common/hardware_gpio/gpio.c.o
                0x10002e58                gpio_init
 .text.rp2040_chip_version
                0x10002e98        0xc CMakeFiles/rp2040_rubber_ducky.dir/lib/pico-sdk/src/rp2040/pico_platform/platform.c.o
                0x10002e98                rp2040_chip_version
 .text.panic    0x10002ea4       0x30 CMakeFiles/rp2040_rubber_ducky.dir/lib/pico-sdk/src/rp2_common/pico_platform_panic/panic.c.o
                0x10002ea4                panic
 .text.hw_claim_or_assert
                0x10002ed4       0x44 CMakeFiles/rp2040_rubber_ducky.dir/lib/pico-sdk/src/common/hardware_claim/claim.c.o
                0x10002ed4                hw_claim_or_assert
 .text.hw_claim_unused_from_range
                0x10002f18       0x88 CMakeFiles/rp2040_rubber_ducky.dir/lib/pico-sdk/src/common/hardware_claim/claim.c.o
                0x10002f18                hw_claim_unused_from_range
 .text.next_striped_spin_lock_num
                0x10002fa0       0x18 CMakeFiles/rp2040_rubber_ducky.dir/lib/pico-sdk/src/rp2_common/hardware_sync/sync.c.o
                0x10002fa0                next_striped_spin_lock_num
 .text.spin_lock_claim_unused
                0x10002fb8       0x24 CMakeFiles/rp2040_rubber_ducky.dir/lib/pico-sdk/src/rp2_common/hardware_sync/sync.c.o
                0x10002fb8                spin_lock_claim_unused
 .text.spin_locks_reset
                0x10002fdc       0x1c CMakeFiles/rp2040_rubber_ducky.dir/lib/pico-sdk/src/rp2_common/hardware_sync_spin_lock/sync_spin_lock.c.o
                0x10002fdc                spin_locks_reset
 .text.runtime_init_per_core_irq_priorities
                0x10002ff8       0x24 CMakeFiles/rp2040_rubber_ducky.dir/lib/pico-sdk/src/rp2_common/hardware_irq/irq.c.o
                0x10002ff8                runtime_init_per_core_irq_priorities
 .text.irq_set_enabled
                0x1000301c       0x24 CMakeFiles/rp2040_rubber_ducky.dir/lib/pico-sdk/src/rp2_common/hardware_irq/irq.c.o
                0x1000301c                irq_set_enabled
 .text.irq_set_exclusive_handler
                0x10003040       0x54 CMakeFiles/rp2040_rubber_ducky.dir/lib/pico-sdk/src/rp2_common/hardware_irq/irq.c.o
                0x10003040                irq_set_exclusive_handler
 .text.irq_add_shared_handler
                0x10003094      0x1f4 CMakeFiles/rp2040_rubber_ducky.dir/lib/pico-sdk/src/rp2_common/hardware_irq/irq.c.o
                0x10003094                irq_add_shared_handler
 .text.irq_add_tail_to_free_list
                0x10003288       0xb4 CMakeFiles/rp2040_rubber_ducky.dir/lib/pico-sdk/src/rp2_common/hardware_irq/irq.c.o
                0x10003288                irq_add_tail_to_free_list
 .text.lock_init
                0x1000333c       0x10 CMakeFiles/rp2040_rubber_ducky.dir/lib/pico-sdk/src/common/pico_sync/lock_core.c.o
                0x1000333c                lock_init
 .text.runtime_init_mutex
                0x1000334c       0x50 CMakeFiles/rp2040_rubber_ducky.dir/lib/pico-sdk/src/common/pico_sync/mutex.c.o
                0x1000334c                runtime_init_mutex
 .text.mutex_init
                0x1000339c       0x1c CMakeFiles/rp2040_rubber_ducky.dir/lib/pico-sdk/src/common/pico_sync/mutex.c.o
                0x1000339c                mutex_init
 .text.critical_section_init
                0x100033b8       0x1c CMakeFiles/rp2040_rubber_ducky.dir/lib/pico-sdk/src/common/pico_sync/critical_section.c.o
                0x100033b8                critical_section_init
 .text.sleep_until_callback
                0x100033d4       0x30 CMakeFiles/rp2040_rubber_ducky.dir/lib/pico-sdk/src/common/pico_time/time.c.o
 .text.alarm_pool_irq_handler
                0x10003404      0x300 CMakeFiles/rp2040_rubber_ducky.dir/lib/pico-sdk/src/common/pico_time/time.c.o
 .text.runtime_init_default_alarm_pool
                0x10003704       0xdc CMakeFiles/rp2040_rubber_ducky.dir/lib/pico-sdk/src/common/pico_time/time.c.o
                0x10003704                runtime_init_default_alarm_pool
 .text.alarm_pool_add_alarm_at_force_in_context
                0x100037e0       0xb0 CMakeFiles/rp2040_rubber_ducky.dir/lib/pico-sdk/src/common/pico_time/time.c.o
                0x100037e0                alarm_pool_add_alarm_at_force_in_context
 .text.alarm_pool_cancel_alarm
                0x10003890       0x74 CMakeFiles/rp2040_rubber_ducky.dir/lib/pico-sdk/src/common/pico_time/time.c.o
                0x10003890                alarm_pool_cancel_alarm
 .text.sleep_ms
                0x10003904       0xfc CMakeFiles/rp2040_rubber_ducky.dir/lib/pico-sdk/src/common/pico_time/time.c.o
                0x10003904                sleep_ms
 .text.best_effort_wfe_or_timeout
                0x10003a00      0x10c CMakeFiles/rp2040_rubber_ducky.dir/lib/pico-sdk/src/common/pico_time/time.c.o
                0x10003a00                best_effort_wfe_or_timeout
 .text.timer_hardware_alarm_claim
                0x10003b0c       0x14 CMakeFiles/rp2040_rubber_ducky.dir/lib/pico-sdk/src/rp2_common/hardware_timer/timer.c.o
                0x10003b0c                timer_hardware_alarm_claim
 .text.timer_time_us_64
                0x10003b20       0x10 CMakeFiles/rp2040_rubber_ducky.dir/lib/pico-sdk/src/rp2_common/hardware_timer/timer.c.o
                0x10003b20                timer_time_us_64
 .text.time_us_64
                0x10003b30       0x14 CMakeFiles/rp2040_rubber_ducky.dir/lib/pico-sdk/src/rp2_common/hardware_timer/timer.c.o
                0x10003b30                time_us_64
 .text.busy_wait_until
                0x10003b44       0x20 CMakeFiles/rp2040_rubber_ducky.dir/lib/pico-sdk/src/rp2_common/hardware_timer/timer.c.o
                0x10003b44                busy_wait_until
 .text.clock_configure_int_divider
                0x10003b64       0xf4 CMakeFiles/rp2040_rubber_ducky.dir/lib/pico-sdk/src/rp2_common/hardware_clocks/clocks.c.o
                0x10003b64                clock_configure_int_divider
 .text.clock_configure_undivided
                0x10003c58       0xe8 CMakeFiles/rp2040_rubber_ducky.dir/lib/pico-sdk/src/rp2_common/hardware_clocks/clocks.c.o
                0x10003c58                clock_configure_undivided
 .text.clock_get_hz
                0x10003d40        0xc CMakeFiles/rp2040_rubber_ducky.dir/lib/pico-sdk/src/rp2_common/hardware_clocks/clocks.c.o
                0x10003d40                clock_get_hz
 .text.pll_init
                0x10003d4c       0xa4 CMakeFiles/rp2040_rubber_ducky.dir/lib/pico-sdk/src/rp2_common/hardware_pll/pll.c.o
                0x10003d4c                pll_init
 .text.tick_start
                0x10003df0       0x10 CMakeFiles/rp2040_rubber_ducky.dir/lib/pico-sdk/src/rp2_common/hardware_ticks/ticks.c.o
                0x10003df0                tick_start
 .text.rom_func_lookup
                0x10003e00       0x10 CMakeFiles/rp2040_rubber_ducky.dir/lib/pico-sdk/src/rp2_common/pico_bootrom/bootrom.c.o
                0x10003e00                rom_func_lookup
 .text.rom_data_lookup
                0x10003e10       0x10 CMakeFiles/rp2040_rubber_ducky.dir/lib/pico-sdk/src/rp2_common/pico_bootrom/bootrom.c.o
                0x10003e10                rom_data_lookup
 .text.rom_funcs_lookup
                0x10003e20       0x44 CMakeFiles/rp2040_rubber_ducky.dir/lib/pico-sdk/src/rp2_common/pico_bootrom/bootrom.c.o
                0x10003e20                rom_funcs_lookup
 .text.xosc_init
                0x10003e64       0x28 CMakeFiles/rp2040_rubber_ducky.dir/lib/pico-sdk/src/rp2_common/hardware_xosc/xosc.c.o
                0x10003e64                xosc_init
 .text.first_per_core_initializer
                0x10003e8c        0x4 CMakeFiles/rp2040_rubber_ducky.dir/lib/pico-sdk/src/rp2_common/pico_runtime/runtime.c.o
 .text.hard_assertion_failure
                0x10003e90        0xc CMakeFiles/rp2040_rubber_ducky.dir/lib/pico-sdk/src/rp2_common/pico_runtime/runtime.c.o
                0x10003e90                hard_assertion_failure
 .text.runtime_run_initializers
                0x10003e9c       0x28 CMakeFiles/rp2040_rubber_ducky.dir/lib/pico-sdk/src/rp2_common/pico_runtime/runtime.c.o
                0x10003e9c                runtime_run_initializers
 .text.runtime_init_early_resets
                0x10003ec4       0x2c CMakeFiles/rp2040_rubber_ducky.dir/lib/pico-sdk/src/rp2_common/pico_runtime_init/runtime_init.c.o
                0x10003ec4                runtime_init_early_resets
 .text.runtime_init_usb_power_down
                0x10003ef0       0x1c CMakeFiles/rp2040_rubber_ducky.dir/lib/pico-sdk/src/rp2_common/pico_runtime_init/runtime_init.c.o
                0x10003ef0                runtime_init_usb_power_down
 .text.runtime_init_post_clock_resets
                0x10003f0c       0x20 CMakeFiles/rp2040_rubber_ducky.dir/lib/pico-sdk/src/rp2_common/pico_runtime_init/runtime_init.c.o
                0x10003f0c                runtime_init_post_clock_resets
 .text.runtime_init_rp2040_gpio_ie_disable
                0x10003f2c       0x14 CMakeFiles/rp2040_rubber_ducky.dir/lib/pico-sdk/src/rp2_common/pico_runtime_init/runtime_init.c.o
                0x10003f2c                runtime_init_rp2040_gpio_ie_disable
 .text.runtime_init_spin_locks_reset
                0x10003f40        0x8 CMakeFiles/rp2040_rubber_ducky.dir/lib/pico-sdk/src/rp2_common/pico_runtime_init/runtime_init.c.o
                0x10003f40                runtime_init_spin_locks_reset
 .text.runtime_init_install_ram_vector_table
                0x10003f48       0x1c CMakeFiles/rp2040_rubber_ducky.dir/lib/pico-sdk/src/rp2_common/pico_runtime_init/runtime_init.c.o
                0x10003f48                runtime_init_install_ram_vector_table
 .text.runtime_init_clocks
                0x10003f64       0xd8 CMakeFiles/rp2040_rubber_ducky.dir/lib/pico-sdk/src/rp2_common/pico_runtime_init/runtime_init_clocks.c.o
                0x10003f64                runtime_init_clocks
 .text          0x1000403c       0x10 CMakeFiles/rp2040_rubber_ducky.dir/lib/pico-sdk/src/rp2_common/pico_bit_ops/bit_ops_aeabi.S.o
 .text.__wrap___aeabi_idiv
                0x1000404c       0x50 CMakeFiles/rp2040_rubber_ducky.dir/lib/pico-sdk/src/rp2_common/pico_divider/divider_hardware.S.o
                0x1000404c                __wrap___aeabi_idivmod
                0x1000404c                divmod_s32s32
                0x1000404c                div_s32s32
                0x1000404c                __wrap___aeabi_idiv
                0x10004054                divmod_s32s32_unsafe
                0x10004080                divmod_s32s32_savestate
 .text.__wrap___aeabi_uidiv
                0x1000409c       0x4c CMakeFiles/rp2040_rubber_ducky.dir/lib/pico-sdk/src/rp2_common/pico_divider/divider_hardware.S.o
                0x1000409c                __wrap___aeabi_uidiv
                0x1000409c                __wrap___aeabi_uidivmod
                0x1000409c                div_u32u32
                0x1000409c                divmod_u32u32
                0x100040a4                divmod_u32u32_unsafe
                0x100040cc                divmod_u32u32_savestate
 .text.__wrap___aeabi_ldiv
                0x100040e8      0x424 CMakeFiles/rp2040_rubber_ducky.dir/lib/pico-sdk/src/rp2_common/pico_divider/divider_hardware.S.o
                0x100040e8                div_s64s64
                0x100040e8                divmod_s64s64
                0x100040e8                __wrap___aeabi_ldivmod
                0x10004118                div_u64u64
                0x10004118                divmod_u64u64
                0x10004118                __wrap___aeabi_uldivmod
                0x10004128                divmod_u64u64_savestate
                0x10004148                divmod_s64s64_unsafe
                0x100041d0                divmod_u64u64_unsafe
 .text.__wrap___aeabi_darithmetic
                0x1000450c       0x80 CMakeFiles/rp2040_rubber_ducky.dir/lib/pico-sdk/src/rp2_common/pico_double/double_aeabi_rp2040.S.o
                0x1000450c                __wrap___aeabi_drsub
                0x10004512                __wrap___aeabi_dsub
                0x10004524                __wrap___aeabi_dadd
                0x10004536                __wrap___aeabi_ddiv
                0x10004572                __wrap___aeabi_dmul
 .text.__wrap___aeabi_cdcmple
                0x1000458c       0x6c CMakeFiles/rp2040_rubber_ducky.dir/lib/pico-sdk/src/rp2_common/pico_double/double_aeabi_rp2040.S.o
                0x1000458c                __wrap___aeabi_cdrcmple
                0x1000459c                __wrap___aeabi_cdcmple
                0x1000459c                __wrap___aeabi_cdcmpeq
 .text.__wrap___aeabi_dcmplt
                0x100045f8        0xc CMakeFiles/rp2040_rubber_ducky.dir/lib/pico-sdk/src/rp2_common/pico_double/double_aeabi_rp2040.S.o
                0x100045f8                __wrap___aeabi_dcmplt
 .text.__wrap___aeabi_dcmple
                0x10004604       0x10 CMakeFiles/rp2040_rubber_ducky.dir/lib/pico-sdk/src/rp2_common/pico_double/double_aeabi_rp2040.S.o
                0x10004604                __wrap___aeabi_dcmple
 .text.__wrap___aeabi_dcmpge
                0x10004614       0x10 CMakeFiles/rp2040_rubber_ducky.dir/lib/pico-sdk/src/rp2_common/pico_double/double_aeabi_rp2040.S.o
                0x10004614                __wrap___aeabi_dcmpge
 .text.__wrap___aeabi_dcmpgt
                0x10004624        0xa CMakeFiles/rp2040_rubber_ducky.dir/lib/pico-sdk/src/rp2_common/pico_double/double_aeabi_rp2040.S.o
                0x10004624                __wrap___aeabi_dcmpgt
 .text.__wrap___aeabi_dcmpun
                0x1000462e       0x18 CMakeFiles/rp2040_rubber_ducky.dir/lib/pico-sdk/src/rp2_common/pico_double/double_aeabi_rp2040.S.o
                0x1000462e                __wrap___aeabi_dcmpun
 *fill*         0x10004646        0x2 
 .text.__wrap___aeabi_i2d
                0x10004648       0x38 CMakeFiles/rp2040_rubber_ducky.dir/lib/pico-sdk/src/rp2_common/pico_double/double_aeabi_rp2040.S.o
                0x10004648                __wrap___aeabi_ui2d
                0x10004648                uint2double
                0x10004650                __wrap___aeabi_i2d
                0x10004650                int2double
 .text.__wrap___aeabi_d2iz
                0x10004680       0x48 CMakeFiles/rp2040_rubber_ducky.dir/lib/pico-sdk/src/rp2_common/pico_double/double_aeabi_rp2040.S.o
                0x10004680                __wrap___aeabi_d2iz
                0x10004680                double2int_z
 .text.__wrap___aeabi_d2uiz
                0x100046c8       0x18 CMakeFiles/rp2040_rubber_ducky.dir/lib/pico-sdk/src/rp2_common/pico_double/double_aeabi_rp2040.S.o
                0x100046c8                double2uint_z
                0x100046c8                double2uint
                0x100046c8                __wrap___aeabi_d2uiz
 .text.__aeabi_double_init
                0x100046e0       0xa4 CMakeFiles/rp2040_rubber_ducky.dir/lib/pico-sdk/src/rp2_common/pico_double/double_init_rom_rp2040.c.o
                0x100046e0                __aeabi_double_init
 .text.double_table_shim_on_use_helper
                0x10004784       0x2c CMakeFiles/rp2040_rubber_ducky.dir/lib/pico-sdk/src/rp2_common/pico_double/double_v1_rom_shim_rp2040.S.o
                0x10004784                double_table_shim_on_use_helper
 .text.__wrap___aeabi_dsub
                0x100047b0       0x10 CMakeFiles/rp2040_rubber_ducky.dir/lib/pico-sdk/src/rp2_common/pico_double/double_v1_rom_shim_rp2040.S.o
                0x100047b0                drsub_shim
                0x100047b6                dsub_shim
 .text.dadd_shim
                0x100047c0      0x15c CMakeFiles/rp2040_rubber_ducky.dir/lib/pico-sdk/src/rp2_common/pico_double/double_v1_rom_shim_rp2040.S.o
                0x100047c0                dadd_shim
 .text.dmul_shim
                0x1000491c      0x15c CMakeFiles/rp2040_rubber_ducky.dir/lib/pico-sdk/src/rp2_common/pico_double/double_v1_rom_shim_rp2040.S.o
                0x1000491c                dmul_shim
 .text.ddiv_shim
                0x10004a78      0x1b0 CMakeFiles/rp2040_rubber_ducky.dir/lib/pico-sdk/src/rp2_common/pico_double/double_v1_rom_shim_rp2040.S.o
                0x10004a78                ddiv_shim
 .text.double2uint_shim
                0x10004c28        0xe CMakeFiles/rp2040_rubber_ducky.dir/lib/pico-sdk/src/rp2_common/pico_double/double_v1_rom_shim_rp2040.S.o
                0x10004c28                double2uint_shim
                0x10004c2a                double2ufix_shim
 *fill*         0x10004c36        0x2 
 .text.double2uint64_shim
                0x10004c38       0x70 CMakeFiles/rp2040_rubber_ducky.dir/lib/pico-sdk/src/rp2_common/pico_double/double_v1_rom_shim_rp2040.S.o
                0x10004c38                double2uint64_shim
                0x10004c3a                double2ufix64_shim
                0x10004c5a                d2fix_a
 .text.dunpacks
                0x10004ca8       0x3c CMakeFiles/rp2040_rubber_ducky.dir/lib/pico-sdk/src/rp2_common/pico_double/double_v1_rom_shim_rp2040.S.o
                0x10004ca8                dunpacks
 .text.__aeabi_lmul
                0x10004ce4       0x32 CMakeFiles/rp2040_rubber_ducky.dir/lib/pico-sdk/src/rp2_common/pico_int64_ops/pico_int64_ops_aeabi.S.o
                0x10004ce4                __wrap___aeabi_lmul
 *fill*         0x10004d16        0x2 
 .text.__aeabi_float_init
                0x10004d18       0x64 CMakeFiles/rp2040_rubber_ducky.dir/lib/pico-sdk/src/rp2_common/pico_float/float_init_rom_rp2040.c.o
                0x10004d18                __aeabi_float_init
 .text.float_table_shim_on_use_helper
                0x10004d7c       0x2c CMakeFiles/rp2040_rubber_ducky.dir/lib/pico-sdk/src/rp2_common/pico_float/float_v1_rom_shim_rp2040.S.o
                0x10004d7c                float_table_shim_on_use_helper
 .text          0x10004da8       0x10 CMakeFiles/rp2040_rubber_ducky.dir/lib/pico-sdk/src/rp2_common/pico_mem_ops/mem_ops_aeabi.S.o
                0x10004da8                __aeabi_mem_init
 .text.memset   0x10004db8        0xc CMakeFiles/rp2040_rubber_ducky.dir/lib/pico-sdk/src/rp2_common/pico_mem_ops/mem_ops_aeabi.S.o
                0x10004db8                __wrap_memset
 .text.memcpy   0x10004dc4        0xc CMakeFiles/rp2040_rubber_ducky.dir/lib/pico-sdk/src/rp2_common/pico_mem_ops/mem_ops_aeabi.S.o
                0x10004dc4                __wrap___aeabi_memcpy
                0x10004dc4                __wrap_memcpy
 .text._out_null
                0x10004dd0        0x4 CMakeFiles/rp2040_rubber_ducky.dir/lib/pico-sdk/src/rp2_common/pico_printf/printf.c.o
 .text._out_rev
                0x10004dd4       0xac CMakeFiles/rp2040_rubber_ducky.dir/lib/pico-sdk/src/rp2_common/pico_printf/printf.c.o
 .text._ntoa_format
                0x10004e80      0x1cc CMakeFiles/rp2040_rubber_ducky.dir/lib/pico-sdk/src/rp2_common/pico_printf/printf.c.o
 .text._out_char
                0x1000504c       0x10 CMakeFiles/rp2040_rubber_ducky.dir/lib/pico-sdk/src/rp2_common/pico_printf/printf.c.o
 .text._out_fct
                0x1000505c       0x10 CMakeFiles/rp2040_rubber_ducky.dir/lib/pico-sdk/src/rp2_common/pico_printf/printf.c.o
 .text._ftoa    0x1000506c      0x4a8 CMakeFiles/rp2040_rubber_ducky.dir/lib/pico-sdk/src/rp2_common/pico_printf/printf.c.o
 .text._etoa    0x10005514      0x57c CMakeFiles/rp2040_rubber_ducky.dir/lib/pico-sdk/src/rp2_common/pico_printf/printf.c.o
 .text._vsnprintf
                0x10005a90      0xbe0 CMakeFiles/rp2040_rubber_ducky.dir/lib/pico-sdk/src/rp2_common/pico_printf/printf.c.o
 .text.vfctprintf
                0x10006670       0x24 CMakeFiles/rp2040_rubber_ducky.dir/lib/pico-sdk/src/rp2_common/pico_printf/printf.c.o
                0x10006670                vfctprintf
 .text.weak_raw_vprintf
                0x10006694       0x30 CMakeFiles/rp2040_rubber_ducky.dir/lib/pico-sdk/src/rp2_common/pico_printf/printf.c.o
                0x10006694                weak_raw_vprintf
 .text._exit    0x100066c4        0x4 CMakeFiles/rp2040_rubber_ducky.dir/lib/pico-sdk/src/rp2_common/pico_clib_interface/newlib_interface.c.o
                0x100066c4                _exit
 .text.exit     0x100066c8        0x8 CMakeFiles/rp2040_rubber_ducky.dir/lib/pico-sdk/src/rp2_common/pico_clib_interface/newlib_interface.c.o
                0x100066c8                exit
 .text.runtime_init
                0x100066d0       0x2c CMakeFiles/rp2040_rubber_ducky.dir/lib/pico-sdk/src/rp2_common/pico_clib_interface/newlib_interface.c.o
                0x100066d0                runtime_init
 .text.stdio_out_chars_no_crlf
                0x100066fc       0x10 CMakeFiles/rp2040_rubber_ducky.dir/lib/pico-sdk/src/rp2_common/pico_stdio/stdio.c.o
 .text.stdio_out_chars_crlf
                0x1000670c       0xb0 CMakeFiles/rp2040_rubber_ducky.dir/lib/pico-sdk/src/rp2_common/pico_stdio/stdio.c.o
 .text.stdio_buffered_printer
                0x100067bc       0x64 CMakeFiles/rp2040_rubber_ducky.dir/lib/pico-sdk/src/rp2_common/pico_stdio/stdio.c.o
 .text.stdio_put_string
                0x10006820       0xfc CMakeFiles/rp2040_rubber_ducky.dir/lib/pico-sdk/src/rp2_common/pico_stdio/stdio.c.o
                0x10006820                stdio_put_string
 .text.__wrap_putchar
                0x1000691c       0x94 CMakeFiles/rp2040_rubber_ducky.dir/lib/pico-sdk/src/rp2_common/pico_stdio/stdio.c.o
                0x1000691c                stdio_putchar
                0x1000691c                __wrap_putchar
 .text.__wrap_puts
                0x100069b0       0x3c CMakeFiles/rp2040_rubber_ducky.dir/lib/pico-sdk/src/rp2_common/pico_stdio/stdio.c.o
                0x100069b0                __wrap_puts
                0x100069b0                stdio_puts
 .text.__wrap_vprintf
                0x100069ec       0xcc CMakeFiles/rp2040_rubber_ducky.dir/lib/pico-sdk/src/rp2_common/pico_stdio/stdio.c.o
                0x100069ec                __wrap_vprintf
                0x100069ec                stdio_vprintf
 .text.__wrap_printf
                0x10006ab8       0x18 CMakeFiles/rp2040_rubber_ducky.dir/lib/pico-sdk/src/rp2_common/pico_stdio/stdio.c.o
                0x10006ab8                stdio_printf
                0x10006ab8                __wrap_printf
 .text.startup._retrieve_unique_id_on_boot
                0x10006ad0       0x10 CMakeFiles/rp2040_rubber_ducky.dir/lib/pico-sdk/src/rp2_common/pico_unique_id/unique_id.c.o
 .text.flash_get_unique_id
                0x10006ae0       0x3c CMakeFiles/rp2040_rubber_ducky.dir/lib/pico-sdk/src/rp2_common/hardware_flash/flash.c.o
                0x10006ae0                flash_get_unique_id
 .text.dcd_init
                0x10006b1c       0x90 CMakeFiles/rp2040_rubber_ducky.dir/lib/pico-sdk/lib/tinyusb/src/portable/raspberrypi/rp2040/dcd_rp2040.c.o
                0x10006b1c                dcd_init
 .text.dcd_int_enable
                0x10006bac        0xc CMakeFiles/rp2040_rubber_ducky.dir/lib/pico-sdk/lib/tinyusb/src/portable/raspberrypi/rp2040/dcd_rp2040.c.o
                0x10006bac                dcd_int_enable
 .text.dcd_set_address
                0x10006bb8       0x14 CMakeFiles/rp2040_rubber_ducky.dir/lib/pico-sdk/lib/tinyusb/src/portable/raspberrypi/rp2040/dcd_rp2040.c.o
                0x10006bb8                dcd_set_address
 .text.dcd_sof_enable
                0x10006bcc       0x1c CMakeFiles/rp2040_rubber_ducky.dir/lib/pico-sdk/lib/tinyusb/src/portable/raspberrypi/rp2040/dcd_rp2040.c.o
                0x10006bcc                dcd_sof_enable
 .text.dcd_edpt0_status_complete
                0x10006be8       0x1c CMakeFiles/rp2040_rubber_ducky.dir/lib/pico-sdk/lib/tinyusb/src/portable/raspberrypi/rp2040/dcd_rp2040.c.o
                0x10006be8                dcd_edpt0_status_complete
 .text.dcd_edpt_open
                0x10006c04      0x114 CMakeFiles/rp2040_rubber_ducky.dir/lib/pico-sdk/lib/tinyusb/src/portable/raspberrypi/rp2040/dcd_rp2040.c.o
                0x10006c04                dcd_edpt_open
 .text.dcd_edpt_close_all
                0x10006d18        0x8 CMakeFiles/rp2040_rubber_ducky.dir/lib/pico-sdk/lib/tinyusb/src/portable/raspberrypi/rp2040/dcd_rp2040.c.o
                0x10006d18                dcd_edpt_close_all
 .text.dcd_edpt_xfer
                0x10006d20       0x24 CMakeFiles/rp2040_rubber_ducky.dir/lib/pico-sdk/lib/tinyusb/src/portable/raspberrypi/rp2040/dcd_rp2040.c.o
                0x10006d20                dcd_edpt_xfer
 .text.dcd_edpt_stall
                0x10006d44       0x3c CMakeFiles/rp2040_rubber_ducky.dir/lib/pico-sdk/lib/tinyusb/src/portable/raspberrypi/rp2040/dcd_rp2040.c.o
                0x10006d44                dcd_edpt_stall
 .text.dcd_edpt_clear_stall
                0x10006d80       0x30 CMakeFiles/rp2040_rubber_ducky.dir/lib/pico-sdk/lib/tinyusb/src/portable/raspberrypi/rp2040/dcd_rp2040.c.o
                0x10006d80                dcd_edpt_clear_stall
 .text.rp2040_usb_init
                0x10006db0       0x40 CMakeFiles/rp2040_rubber_ducky.dir/lib/pico-sdk/lib/tinyusb/src/portable/raspberrypi/rp2040/rp2040_usb.c.o
                0x10006db0                rp2040_usb_init
 .text.hw_endpoint_xfer_start
                0x10006df0       0x40 CMakeFiles/rp2040_rubber_ducky.dir/lib/pico-sdk/lib/tinyusb/src/portable/raspberrypi/rp2040/rp2040_usb.c.o
                0x10006df0                hw_endpoint_xfer_start
 .text.tud_vendor_control_xfer_cb
                0x10006e30        0x4 CMakeFiles/rp2040_rubber_ducky.dir/lib/pico-sdk/lib/tinyusb/src/device/usbd.c.o
                0x10006e30                tud_vendor_control_xfer_cb
 .text.tud_event_hook_cb
                0x10006e34        0x4 CMakeFiles/rp2040_rubber_ducky.dir/lib/pico-sdk/lib/tinyusb/src/device/usbd.c.o
                0x10006e34                tud_event_hook_cb
 .text.tud_sof_cb
                0x10006e38        0x4 CMakeFiles/rp2040_rubber_ducky.dir/lib/pico-sdk/lib/tinyusb/src/device/usbd.c.o
                0x10006e38                tud_sof_cb
 .text.tud_descriptor_bos_cb
                0x10006e3c        0x4 CMakeFiles/rp2040_rubber_ducky.dir/lib/pico-sdk/lib/tinyusb/src/device/usbd.c.o
                0x10006e3c                tud_descriptor_bos_cb
 .text.tud_descriptor_device_qualifier_cb
                0x10006e40        0x4 CMakeFiles/rp2040_rubber_ducky.dir/lib/pico-sdk/lib/tinyusb/src/device/usbd.c.o
                0x10006e40                tud_descriptor_device_qualifier_cb
 .text.tud_descriptor_other_speed_configuration_cb
                0x10006e44        0x4 CMakeFiles/rp2040_rubber_ducky.dir/lib/pico-sdk/lib/tinyusb/src/device/usbd.c.o
                0x10006e44                tud_descriptor_other_speed_configuration_cb
 .text.tud_mount_cb
                0x10006e48        0x4 CMakeFiles/rp2040_rubber_ducky.dir/lib/pico-sdk/lib/tinyusb/src/device/usbd.c.o
                0x10006e48                tud_mount_cb
 .text.tud_umount_cb
                0x10006e4c        0x4 CMakeFiles/rp2040_rubber_ducky.dir/lib/pico-sdk/lib/tinyusb/src/device/usbd.c.o
                0x10006e4c                tud_umount_cb
 .text.tud_suspend_cb
                0x10006e50        0x4 CMakeFiles/rp2040_rubber_ducky.dir/lib/pico-sdk/lib/tinyusb/src/device/usbd.c.o
                0x10006e50                tud_suspend_cb
 .text.tud_resume_cb
                0x10006e54        0x4 CMakeFiles/rp2040_rubber_ducky.dir/lib/pico-sdk/lib/tinyusb/src/device/usbd.c.o
                0x10006e54                tud_resume_cb
 .text.tud_mounted
                0x10006e58       0x10 CMakeFiles/rp2040_rubber_ducky.dir/lib/pico-sdk/lib/tinyusb/src/device/usbd.c.o
                0x10006e58                tud_mounted
 .text.tud_suspended
                0x10006e68       0x10 CMakeFiles/rp2040_rubber_ducky.dir/lib/pico-sdk/lib/tinyusb/src/device/usbd.c.o
                0x10006e68                tud_suspended
 .text.tud_rhport_init
                0x10006e78       0xf4 CMakeFiles/rp2040_rubber_ducky.dir/lib/pico-sdk/lib/tinyusb/src/device/usbd.c.o
                0x10006e78                tud_rhport_init
 .text.tud_task_ext
                0x10006f6c      0x7e4 CMakeFiles/rp2040_rubber_ducky.dir/lib/pico-sdk/lib/tinyusb/src/device/usbd.c.o
                0x10006f6c                tud_task_ext
 .text.usbd_open_edpt_pair
                0x10007750       0x9c CMakeFiles/rp2040_rubber_ducky.dir/lib/pico-sdk/lib/tinyusb/src/device/usbd.c.o
                0x10007750                usbd_open_edpt_pair
 .text.usbd_edpt_claim
                0x100077ec       0x28 CMakeFiles/rp2040_rubber_ducky.dir/lib/pico-sdk/lib/tinyusb/src/device/usbd.c.o
                0x100077ec                usbd_edpt_claim
 .text.usbd_edpt_xfer
                0x10007814       0x4c CMakeFiles/rp2040_rubber_ducky.dir/lib/pico-sdk/lib/tinyusb/src/device/usbd.c.o
                0x10007814                usbd_edpt_xfer
 .text.usbd_edpt_busy
                0x10007860       0x1c CMakeFiles/rp2040_rubber_ducky.dir/lib/pico-sdk/lib/tinyusb/src/device/usbd.c.o
                0x10007860                usbd_edpt_busy
 .text.usbd_edpt_stall
                0x1000787c       0x38 CMakeFiles/rp2040_rubber_ducky.dir/lib/pico-sdk/lib/tinyusb/src/device/usbd.c.o
                0x1000787c                usbd_edpt_stall
 .text.usbd_edpt_stalled
                0x100078b4       0x1c CMakeFiles/rp2040_rubber_ducky.dir/lib/pico-sdk/lib/tinyusb/src/device/usbd.c.o
                0x100078b4                usbd_edpt_stalled
 .text.tud_control_status
                0x100078d0       0x2c CMakeFiles/rp2040_rubber_ducky.dir/lib/pico-sdk/lib/tinyusb/src/device/usbd_control.c.o
                0x100078d0                tud_control_status
 .text.tud_control_xfer
                0x100078fc       0xa8 CMakeFiles/rp2040_rubber_ducky.dir/lib/pico-sdk/lib/tinyusb/src/device/usbd_control.c.o
                0x100078fc                tud_control_xfer
 .text.usbd_control_reset
                0x100079a4       0x14 CMakeFiles/rp2040_rubber_ducky.dir/lib/pico-sdk/lib/tinyusb/src/device/usbd_control.c.o
                0x100079a4                usbd_control_reset
 .text.usbd_control_set_complete_callback
                0x100079b8        0xc CMakeFiles/rp2040_rubber_ducky.dir/lib/pico-sdk/lib/tinyusb/src/device/usbd_control.c.o
                0x100079b8                usbd_control_set_complete_callback
 .text.usbd_control_set_request
                0x100079c4       0x1c CMakeFiles/rp2040_rubber_ducky.dir/lib/pico-sdk/lib/tinyusb/src/device/usbd_control.c.o
                0x100079c4                usbd_control_set_request
 .text.usbd_control_xfer_cb
                0x100079e0       0xec CMakeFiles/rp2040_rubber_ducky.dir/lib/pico-sdk/lib/tinyusb/src/device/usbd_control.c.o
                0x100079e0                usbd_control_xfer_cb
 .text.tud_hid_set_protocol_cb
                0x10007acc        0x4 CMakeFiles/rp2040_rubber_ducky.dir/lib/pico-sdk/lib/tinyusb/src/class/hid/hid_device.c.o
                0x10007acc                tud_hid_set_protocol_cb
 .text.tud_hid_set_idle_cb
                0x10007ad0        0x4 CMakeFiles/rp2040_rubber_ducky.dir/lib/pico-sdk/lib/tinyusb/src/class/hid/hid_device.c.o
                0x10007ad0                tud_hid_set_idle_cb
 .text.tud_hid_report_complete_cb
                0x10007ad4        0x4 CMakeFiles/rp2040_rubber_ducky.dir/lib/pico-sdk/lib/tinyusb/src/class/hid/hid_device.c.o
                0x10007ad4                tud_hid_report_complete_cb
 .text.tud_hid_report_failed_cb
                0x10007ad8        0x4 CMakeFiles/rp2040_rubber_ducky.dir/lib/pico-sdk/lib/tinyusb/src/class/hid/hid_device.c.o
                0x10007ad8                tud_hid_report_failed_cb
 .text.tud_hid_n_ready
                0x10007adc       0x38 CMakeFiles/rp2040_rubber_ducky.dir/lib/pico-sdk/lib/tinyusb/src/class/hid/hid_device.c.o
                0x10007adc                tud_hid_n_ready
 .text.tud_hid_n_keyboard_report
                0x10007b14       0x84 CMakeFiles/rp2040_rubber_ducky.dir/lib/pico-sdk/lib/tinyusb/src/class/hid/hid_device.c.o
                0x10007b14                tud_hid_n_keyboard_report
 .text.hidd_init
                0x10007b98       0x14 CMakeFiles/rp2040_rubber_ducky.dir/lib/pico-sdk/lib/tinyusb/src/class/hid/hid_device.c.o
                0x10007b98                hidd_init
 .text.hidd_deinit
                0x10007bac        0x4 CMakeFiles/rp2040_rubber_ducky.dir/lib/pico-sdk/lib/tinyusb/src/class/hid/hid_device.c.o
                0x10007bac                hidd_deinit
 .text.hidd_reset
                0x10007bb0       0x14 CMakeFiles/rp2040_rubber_ducky.dir/lib/pico-sdk/lib/tinyusb/src/class/hid/hid_device.c.o
                0x10007bb0                hidd_reset
 .text.hidd_open
                0x10007bc4       0x8c CMakeFiles/rp2040_rubber_ducky.dir/lib/pico-sdk/lib/tinyusb/src/class/hid/hid_device.c.o
                0x10007bc4                hidd_open
 .text.hidd_control_xfer_cb
                0x10007c50      0x198 CMakeFiles/rp2040_rubber_ducky.dir/lib/pico-sdk/lib/tinyusb/src/class/hid/hid_device.c.o
                0x10007c50                hidd_control_xfer_cb
 .text.hidd_xfer_cb
                0x10007de8       0x7c CMakeFiles/rp2040_rubber_ducky.dir/lib/pico-sdk/lib/tinyusb/src/class/hid/hid_device.c.o
                0x10007de8                hidd_xfer_cb
 .text.fail_scsi_op.constprop.0
                0x10007e64       0x50 CMakeFiles/rp2040_rubber_ducky.dir/lib/pico-sdk/lib/tinyusb/src/class/msc/msc_device.c.o
 .text.proc_read10_cmd.constprop.0
                0x10007eb4       0xe8 CMakeFiles/rp2040_rubber_ducky.dir/lib/pico-sdk/lib/tinyusb/src/class/msc/msc_device.c.o
 .text.tud_msc_set_sense
                0x10007f9c       0x18 CMakeFiles/rp2040_rubber_ducky.dir/lib/pico-sdk/lib/tinyusb/src/class/msc/msc_device.c.o
                0x10007f9c                tud_msc_set_sense
 .text.mscd_init
                0x10007fb4       0x14 CMakeFiles/rp2040_rubber_ducky.dir/lib/pico-sdk/lib/tinyusb/src/class/msc/msc_device.c.o
                0x10007fb4                mscd_init
 .text.mscd_reset
                0x10007fc8       0x14 CMakeFiles/rp2040_rubber_ducky.dir/lib/pico-sdk/lib/tinyusb/src/class/msc/msc_device.c.o
                0x10007fc8                mscd_reset
 .text.mscd_open
                0x10007fdc       0x68 CMakeFiles/rp2040_rubber_ducky.dir/lib/pico-sdk/lib/tinyusb/src/class/msc/msc_device.c.o
                0x10007fdc                mscd_open
 .text.mscd_control_xfer_cb
                0x10008044      0x148 CMakeFiles/rp2040_rubber_ducky.dir/lib/pico-sdk/lib/tinyusb/src/class/msc/msc_device.c.o
                0x10008044                mscd_control_xfer_cb
 .text.mscd_xfer_cb
                0x1000818c      0x7e8 CMakeFiles/rp2040_rubber_ducky.dir/lib/pico-sdk/lib/tinyusb/src/class/msc/msc_device.c.o
                0x1000818c                mscd_xfer_cb
 .text.tu_edpt_claim
                0x10008974       0x50 CMakeFiles/rp2040_rubber_ducky.dir/lib/pico-sdk/lib/tinyusb/src/tusb.c.o
                0x10008974                tu_edpt_claim
 .text.tu_edpt_validate
                0x100089c4       0x7c CMakeFiles/rp2040_rubber_ducky.dir/lib/pico-sdk/lib/tinyusb/src/tusb.c.o
                0x100089c4                tu_edpt_validate
 .text.tu_edpt_bind_driver
                0x10008a40       0x34 CMakeFiles/rp2040_rubber_ducky.dir/lib/pico-sdk/lib/tinyusb/src/tusb.c.o
                0x10008a40                tu_edpt_bind_driver
 .text.tu_fifo_read
                0x10008a74       0x9c CMakeFiles/rp2040_rubber_ducky.dir/lib/pico-sdk/lib/tinyusb/src/common/tusb_fifo.c.o
                0x10008a74                tu_fifo_read
 .text.tu_fifo_write
                0x10008b10       0xa4 CMakeFiles/rp2040_rubber_ducky.dir/lib/pico-sdk/lib/tinyusb/src/common/tusb_fifo.c.o
                0x10008b10                tu_fifo_write
 .text.tu_fifo_clear
                0x10008bb4       0x40 CMakeFiles/rp2040_rubber_ducky.dir/lib/pico-sdk/lib/tinyusb/src/common/tusb_fifo.c.o
                0x10008bb4                tu_fifo_clear
 .text.board_init
                0x10008bf4       0x14 CMakeFiles/rp2040_rubber_ducky.dir/lib/pico-sdk/lib/tinyusb/hw/bsp/rp2040/family.c.o
                0x10008bf4                board_init
 .text.spi_init
                0x10008c08      0x13c CMakeFiles/rp2040_rubber_ducky.dir/lib/pico-sdk/src/rp2_common/hardware_spi/spi.c.o
                0x10008c08                spi_init
 .text          0x10008d44       0x5c /usr/lib/gcc/arm-none-eabi/14.2.1/../../../arm-none-eabi/lib/thumb/v6-m/nofp/libg.a(libc_a-strlen-stub.o)
                0x10008d44                strlen
 .text          0x10008da0       0xc4 /usr/lib/gcc/arm-none-eabi/14.2.1/../../../arm-none-eabi/lib/thumb/v6-m/nofp/libg.a(libc_a-strchr.o)
                0x10008da0                strchr
 .text          0x10008e64       0x28 /usr/lib/gcc/arm-none-eabi/14.2.1/../../../arm-none-eabi/lib/thumb/v6-m/nofp/libg.a(libc_a-fini.o)
                0x10008e64                __libc_fini_array
 .text          0x10008e8c       0x74 /usr/lib/gcc/arm-none-eabi/14.2.1/../../../arm-none-eabi/lib/thumb/v6-m/nofp/libg.a(libc_a-strncmp.o)
                0x10008e8c                strncmp
 .text          0x10008f00       0xb0 /usr/lib/gcc/arm-none-eabi/14.2.1/../../../arm-none-eabi/lib/thumb/v6-m/nofp/libg.a(libc_a-memmove.o)
                0x10008f00                memmove
 .text          0x10008fb0       0x48 /usr/lib/gcc/arm-none-eabi/14.2.1/../../../arm-none-eabi/lib/thumb/v6-m/nofp/libg.a(libc_a-memcmp.o)
                0x10008fb0                memcmp
 .text          0x10008ff8       0x18 /usr/lib/gcc/arm-none-eabi/14.2.1/../../../arm-none-eabi/lib/thumb/v6-m/nofp/libg.a(libc_a-atoi.o)
                0x10008ff8                atoi
                0x10009004                _atoi_r
 .text          0x10009010      0x190 /usr/lib/gcc/arm-none-eabi/14.2.1/../../../arm-none-eabi/lib/thumb/v6-m/nofp/libg.a(libc_a-strtol.o)
                0x10009168                _strtol_r
                0x10009170                strtol_l
                0x10009188                strtol
 .text          0x100091a0        0xc /usr/lib/gcc/arm-none-eabi/14.2.1/../../../arm-none-eabi/lib/thumb/v6-m/nofp/libg.a(libc_a-errno.o)
                0x100091a0                __errno
 .text          0x100091ac       0x10 /usr/lib/gcc/arm-none-eabi/14.2.1/../../../arm-none-eabi/lib/thumb/v6-m/nofp/libg.a(libc_a-atexit.o)
                0x100091ac                atexit
 .text          0x100091bc       0x88 /usr/lib/gcc/arm-none-eabi/14.2.1/../../../arm-none-eabi/lib/thumb/v6-m/nofp/libg.a(libc_a-strcmp.o)
                0x100091bc                strcmp
 .text          0x10009244       0x78 /usr/lib/gcc/arm-none-eabi/14.2.1/../../../arm-none-eabi/lib/thumb/v6-m/nofp/libg.a(libc_a-__atexit.o)
                0x10009244                __register_exitproc
 .text.startup  0x100092bc       0x18 /usr/lib/gcc/arm-none-eabi/14.2.1/../../../arm-none-eabi/lib/thumb/v6-m/nofp/libg.a(libc_a-__call_atexit.o)
 *(.fini)
 .fini          0x100092d4        0x4 /usr/lib/gcc/arm-none-eabi/14.2.1/thumb/v6-m/nofp/crti.o
                0x100092d4                _fini
 .fini.__stub   0x100092d8       0xd0 linker stubs
 *crtbegin.o(.ctors)
 *crtbegin?.o(.ctors)
 *(EXCLUDE_FILE(*crtend.o *crtend?.o) .ctors)
 *(SORT_BY_NAME(.ctors.*))
 *(.ctors)
 *crtbegin.o(.dtors)
 *crtbegin?.o(.dtors)
 *(EXCLUDE_FILE(*crtend.o *crtend?.o) .dtors)
 *(SORT_BY_NAME(.dtors.*))
 *(.dtors)
                0x100093a8                        . = ALIGN (0x4)
                0x100093a8                        PROVIDE (__preinit_array_start = .)
 *(SORT_BY_NAME(.preinit_array.*))
 .preinit_array.00100
                0x100093a8        0x4 CMakeFiles/rp2040_rubber_ducky.dir/lib/pico-sdk/src/rp2_common/pico_runtime_init/runtime_init.c.o
                0x100093a8                __pre_init_runtime_init_early_resets
 .preinit_array.00101
                0x100093ac        0x4 CMakeFiles/rp2040_rubber_ducky.dir/lib/pico-sdk/src/rp2_common/pico_runtime_init/runtime_init.c.o
                0x100093ac                __pre_init_runtime_init_usb_power_down
 .preinit_array.00275
                0x100093b0        0x4 CMakeFiles/rp2040_rubber_ducky.dir/lib/pico-sdk/src/rp2_common/pico_bit_ops/bit_ops_aeabi.S.o
 .preinit_array.00300
                0x100093b4        0x4 CMakeFiles/rp2040_rubber_ducky.dir/lib/pico-sdk/src/rp2_common/pico_mem_ops/mem_ops_aeabi.S.o
 .preinit_array.00350
                0x100093b8        0x4 CMakeFiles/rp2040_rubber_ducky.dir/lib/pico-sdk/src/rp2_common/pico_double/double_aeabi_rp2040.S.o
 .preinit_array.00350
                0x100093bc        0x4 CMakeFiles/rp2040_rubber_ducky.dir/lib/pico-sdk/src/rp2_common/pico_float/float_aeabi_rp2040.S.o
 .preinit_array.00500
                0x100093c0        0x4 CMakeFiles/rp2040_rubber_ducky.dir/lib/pico-sdk/src/rp2_common/pico_runtime_init/runtime_init.c.o
                0x100093c0                __pre_init_runtime_init_clocks
 .preinit_array.00600
                0x100093c4        0x4 CMakeFiles/rp2040_rubber_ducky.dir/lib/pico-sdk/src/rp2_common/pico_runtime_init/runtime_init.c.o
                0x100093c4                __pre_init_runtime_init_post_clock_resets
 .preinit_array.00700
                0x100093c8        0x4 CMakeFiles/rp2040_rubber_ducky.dir/lib/pico-sdk/src/rp2_common/pico_runtime_init/runtime_init.c.o
                0x100093c8                __pre_init_runtime_init_rp2040_gpio_ie_disable
 .preinit_array.01000
                0x100093cc        0x4 CMakeFiles/rp2040_rubber_ducky.dir/lib/pico-sdk/src/rp2_common/pico_runtime_init/runtime_init.c.o
                0x100093cc                __pre_init_runtime_init_spin_locks_reset
 .preinit_array.01100
                0x100093d0        0x4 CMakeFiles/rp2040_rubber_ducky.dir/lib/pico-sdk/src/common/pico_sync/mutex.c.o
                0x100093d0                __pre_init_runtime_init_mutex
 .preinit_array.10080
                0x100093d4        0x4 CMakeFiles/rp2040_rubber_ducky.dir/lib/pico-sdk/src/rp2_common/pico_runtime_init/runtime_init.c.o
                0x100093d4                __pre_init_runtime_init_install_ram_vector_table
 .preinit_array.11000
                0x100093d8        0x4 CMakeFiles/rp2040_rubber_ducky.dir/lib/pico-sdk/src/common/pico_time/time.c.o
                0x100093d8                __pre_init_runtime_init_default_alarm_pool
 .preinit_array.YYYYY
                0x100093dc        0x4 CMakeFiles/rp2040_rubber_ducky.dir/lib/pico-sdk/src/rp2_common/pico_runtime/runtime.c.o
                0x100093dc                __pre_init_first_per_core_initializer
 .preinit_array.ZZZZZ.01200
                0x100093e0        0x4 CMakeFiles/rp2040_rubber_ducky.dir/lib/pico-sdk/src/rp2_common/hardware_irq/irq.c.o
                0x100093e0                __pre_init_runtime_init_per_core_irq_priorities
 *(.preinit_array)
                0x100093e4                        PROVIDE (__preinit_array_end = .)
                0x100093e4                        . = ALIGN (0x4)
                0x100093e4                        PROVIDE (__init_array_start = .)
 *(SORT_BY_NAME(.init_array.*))
 .init_array.00000
                0x100093e4        0x4 /usr/lib/gcc/arm-none-eabi/14.2.1/../../../arm-none-eabi/lib/thumb/v6-m/nofp/libg.a(libc_a-__call_atexit.o)
 *(.init_array)
 .init_array    0x100093e8        0x4 /usr/lib/gcc/arm-none-eabi/14.2.1/thumb/v6-m/nofp/crtbegin.o
 .init_array    0x100093ec        0x4 CMakeFiles/rp2040_rubber_ducky.dir/lib/pico-sdk/src/rp2_common/pico_unique_id/unique_id.c.o
                0x100093f0                        PROVIDE (__init_array_end = .)
                0x100093f0                        . = ALIGN (0x4)
                0x100093f0                        PROVIDE (__fini_array_start = .)
 *(SORT_BY_NAME(.fini_array.*))
 *(.fini_array)
                0x100093f0                        PROVIDE (__fini_array_end = .)
 *(.eh_frame*)
 .eh_frame      0x100093f0        0x0 /usr/lib/gcc/arm-none-eabi/14.2.1/thumb/v6-m/nofp/crtbegin.o
                0x100093f0                        . = ALIGN (0x4)

.glue_7         0x100093f0        0x0
 .glue_7        0x100093f0        0x0 linker stubs

.glue_7t        0x100093f0        0x0
 .glue_7t       0x100093f0        0x0 linker stubs

.vfp11_veneer   0x100093f0        0x0
 .vfp11_veneer  0x100093f0        0x0 linker stubs

.v4_bx          0x100093f0        0x0
 .v4_bx         0x100093f0        0x0 linker stubs

.iplt           0x100093f0        0x0
 .iplt          0x100093f0        0x0 /usr/lib/gcc/arm-none-eabi/14.2.1/thumb/v6-m/nofp/crtbegin.o

.rodata         0x100093f0      0xca4
 *(EXCLUDE_FILE(*libm.a: *libc.a:*lib_a-mem*.o *libgcc.a:) .rodata*)
 .rodata.init_sd_card.str1.4
                0x100093f0      0x584 CMakeFiles/rp2040_rubber_ducky.dir/src/main.c.o
                                 0x62 (size before relaxing)
 .rodata.load_ducky_script.str1.4
                0x10009974      0x101 CMakeFiles/rp2040_rubber_ducky.dir/src/main.c.o
 .rodata.char_to_keycode
                0x10009974      0x178 CMakeFiles/rp2040_rubber_ducky.dir/src/main.c.o
 .rodata.parse_ducky_command.str1.4
                0x10009aec       0x5f CMakeFiles/rp2040_rubber_ducky.dir/src/main.c.o
 .rodata.process_ducky_script.str1.4
                0x10009aec       0x1b CMakeFiles/rp2040_rubber_ducky.dir/src/main.c.o
 .rodata.tud_msc_inquiry_cb.str1.4
                0x10009aec       0x19 CMakeFiles/rp2040_rubber_ducky.dir/src/main.c.o
 .rodata.main.str1.4
                0x10009aec       0x59 CMakeFiles/rp2040_rubber_ducky.dir/src/main.c.o
 .rodata.desc_device.1
                0x10009aec       0x12 CMakeFiles/rp2040_rubber_ducky.dir/src/main.c.o
 .rodata.str1.4
                0x10009afe       0x27 CMakeFiles/rp2040_rubber_ducky.dir/src/main.c.o
 *fill*         0x10009afe        0x2 
 .rodata.__compound_literal.0
                0x10009b00        0x2 CMakeFiles/rp2040_rubber_ducky.dir/src/main.c.o
 *fill*         0x10009b02        0x2 
 .rodata.desc_configuration
                0x10009b04       0x39 CMakeFiles/rp2040_rubber_ducky.dir/src/main.c.o
                0x10009b04                desc_configuration
 *fill*         0x10009b3d        0x3 
 .rodata.desc_hid_report
                0x10009b40       0x43 CMakeFiles/rp2040_rubber_ducky.dir/src/main.c.o
                0x10009b40                desc_hid_report
 *fill*         0x10009b83        0x1 
 .rodata.SD_PIN_CS
                0x10009b84        0x4 CMakeFiles/rp2040_rubber_ducky.dir/src/main.c.o
                0x10009b84                SD_PIN_CS
 .rodata.SD_SPI_PORT
                0x10009b88        0x4 CMakeFiles/rp2040_rubber_ducky.dir/src/main.c.o
                0x10009b88                SD_SPI_PORT
 .rodata.sd_init_driver.str1.4
                0x10009b8c       0x8d CMakeFiles/rp2040_rubber_ducky.dir/src/sd_card.c.o
 .rodata.sd_read_sectors.str1.4
                0x10009b8c       0x4c CMakeFiles/rp2040_rubber_ducky.dir/src/sd_card.c.o
 .rodata.sd_write_sectors.str1.4
                0x10009b8c       0x46 CMakeFiles/rp2040_rubber_ducky.dir/src/sd_card.c.o
 .rodata.disk_initialize.str1.4
                0x10009b8c       0x15 CMakeFiles/rp2040_rubber_ducky.dir/src/diskio.c.o
 .rodata.disk_read.str1.4
                0x10009b8c       0x2a CMakeFiles/rp2040_rubber_ducky.dir/src/diskio.c.o
 .rodata.disk_write.str1.4
                0x10009b8c       0x2b CMakeFiles/rp2040_rubber_ducky.dir/src/diskio.c.o
 .rodata.disk_ioctl.str1.4
                0x10009b8c       0x37 CMakeFiles/rp2040_rubber_ducky.dir/src/diskio.c.o
 .rodata.check_fs.str1.4
                0x10009b8c        0x9 CMakeFiles/rp2040_rubber_ducky.dir/lib/fatfs/source/ff.c.o
 .rodata.follow_path.str1.4
                0x10009b8c        0xf CMakeFiles/rp2040_rubber_ducky.dir/lib/fatfs/source/ff.c.o
 .rodata.panic.str1.4
                0x10009b8c       0x12 CMakeFiles/rp2040_rubber_ducky.dir/lib/pico-sdk/src/rp2_common/pico_platform_panic/panic.c.o
 .rodata.spin_lock_claim_unused.str1.4
                0x10009b8c       0x1b CMakeFiles/rp2040_rubber_ducky.dir/lib/pico-sdk/src/rp2_common/hardware_sync/sync.c.o
 .rodata.timer_hardware_alarm_claim.str1.4
                0x10009b8c       0x22 CMakeFiles/rp2040_rubber_ducky.dir/lib/pico-sdk/src/rp2_common/hardware_timer/timer.c.o
 .rodata.hard_assertion_failure.str1.4
                0x10009b8c        0xc CMakeFiles/rp2040_rubber_ducky.dir/lib/pico-sdk/src/rp2_common/pico_runtime/runtime.c.o
 .rodata.str1.4
                0x10009b8c       0x48 CMakeFiles/rp2040_rubber_ducky.dir/lib/pico-sdk/src/rp2_common/pico_standard_binary_info/standard_binary_info.c.o
 .rodata.__bi_84
                0x10009b8c        0xc CMakeFiles/rp2040_rubber_ducky.dir/lib/pico-sdk/src/rp2_common/pico_standard_binary_info/standard_binary_info.c.o
 .rodata.__bi_78
                0x10009b98        0xc CMakeFiles/rp2040_rubber_ducky.dir/lib/pico-sdk/src/rp2_common/pico_standard_binary_info/standard_binary_info.c.o
 .rodata.__bi_54
                0x10009ba4        0xc CMakeFiles/rp2040_rubber_ducky.dir/lib/pico-sdk/src/rp2_common/pico_standard_binary_info/standard_binary_info.c.o
 .rodata.__bi_48
                0x10009bb0        0xc CMakeFiles/rp2040_rubber_ducky.dir/lib/pico-sdk/src/rp2_common/pico_standard_binary_info/standard_binary_info.c.o
 .rodata.__bi_42
                0x10009bbc        0xc CMakeFiles/rp2040_rubber_ducky.dir/lib/pico-sdk/src/rp2_common/pico_standard_binary_info/standard_binary_info.c.o
 .rodata.__bi_34
                0x10009bc8        0xc CMakeFiles/rp2040_rubber_ducky.dir/lib/pico-sdk/src/rp2_common/pico_standard_binary_info/standard_binary_info.c.o
 .rodata.__bi_26
                0x10009bd4        0xc CMakeFiles/rp2040_rubber_ducky.dir/lib/pico-sdk/src/rp2_common/pico_standard_binary_info/standard_binary_info.c.o
 .rodata._ftoa.str1.4
                0x10009be0       0x15 CMakeFiles/rp2040_rubber_ducky.dir/lib/pico-sdk/src/rp2_common/pico_printf/printf.c.o
 .rodata._vsnprintf
                0x10009be0      0x19c CMakeFiles/rp2040_rubber_ducky.dir/lib/pico-sdk/src/rp2_common/pico_printf/printf.c.o
 *fill*         0x10009d7c        0x4 
 .rodata.pow10.0
                0x10009d80       0x50 CMakeFiles/rp2040_rubber_ducky.dir/lib/pico-sdk/src/rp2_common/pico_printf/printf.c.o
 .rodata.crlf_str.0
                0x10009dd0        0x2 CMakeFiles/rp2040_rubber_ducky.dir/lib/pico-sdk/src/rp2_common/pico_stdio/stdio.c.o
 .rodata.str1.4
                0x10009dd2       0x14 CMakeFiles/rp2040_rubber_ducky.dir/lib/pico-sdk/lib/tinyusb/src/portable/raspberrypi/rp2040/dcd_rp2040.c.o
 .rodata.str1.4
                0x10009dd2       0x48 CMakeFiles/rp2040_rubber_ducky.dir/lib/pico-sdk/lib/tinyusb/src/portable/raspberrypi/rp2040/rp2040_usb.c.o
 *fill*         0x10009dd2        0x2 
 .rodata.tud_task_ext
                0x10009dd4       0x8c CMakeFiles/rp2040_rubber_ducky.dir/lib/pico-sdk/lib/tinyusb/src/device/usbd.c.o
 .rodata        0x10009e60       0x1c CMakeFiles/rp2040_rubber_ducky.dir/lib/pico-sdk/lib/tinyusb/src/device/usbd.c.o
 .rodata._usbd_driver
                0x10009e7c       0x40 CMakeFiles/rp2040_rubber_ducky.dir/lib/pico-sdk/lib/tinyusb/src/device/usbd.c.o
 .rodata.hidd_control_xfer_cb
                0x10009ebc       0x30 CMakeFiles/rp2040_rubber_ducky.dir/lib/pico-sdk/lib/tinyusb/src/class/hid/hid_device.c.o
 .rodata.mscd_xfer_cb
                0x10009eec       0x98 CMakeFiles/rp2040_rubber_ducky.dir/lib/pico-sdk/lib/tinyusb/src/class/msc/msc_device.c.o
 .rodata.str1.4
                0x10009f84        0x4 CMakeFiles/rp2040_rubber_ducky.dir/lib/pico-sdk/lib/tinyusb/hw/bsp/rp2040/family.c.o
 .rodata.__bi_153.0
                0x10009f84        0xc CMakeFiles/rp2040_rubber_ducky.dir/lib/pico-sdk/lib/tinyusb/hw/bsp/rp2040/family.c.o
 .rodata        0x10009f90      0x101 /usr/lib/gcc/arm-none-eabi/14.2.1/../../../arm-none-eabi/lib/thumb/v6-m/nofp/libg.a(libc_a-ctype_.o)
                0x10009f90                _ctype_
                0x1000a094                        . = ALIGN (0x4)
 *fill*         0x1000a091        0x3 
 *(SORT_BY_ALIGNMENT(SORT_BY_NAME(.flashdata*)))
                0x1000a094                        . = ALIGN (0x4)

.ARM.extab
 *(.ARM.extab* .gnu.linkonce.armextab.*)
                0x1000a094                        __exidx_start = .

.ARM.exidx
 *(.ARM.exidx* .gnu.linkonce.armexidx.*)
                0x1000a094                        __exidx_end = .
                0x1000a094                        . = ALIGN (0x4)
                0x1000a094                        __binary_info_start = .

.binary_info    0x1000a094       0x20
 *(.binary_info.keep.*)
 .binary_info.keep.__bi_ptr84
                0x1000a094        0x4 CMakeFiles/rp2040_rubber_ducky.dir/lib/pico-sdk/src/rp2_common/pico_standard_binary_info/standard_binary_info.c.o
 .binary_info.keep.__bi_ptr78
                0x1000a098        0x4 CMakeFiles/rp2040_rubber_ducky.dir/lib/pico-sdk/src/rp2_common/pico_standard_binary_info/standard_binary_info.c.o
 .binary_info.keep.__bi_ptr54
                0x1000a09c        0x4 CMakeFiles/rp2040_rubber_ducky.dir/lib/pico-sdk/src/rp2_common/pico_standard_binary_info/standard_binary_info.c.o
 .binary_info.keep.__bi_ptr48
                0x1000a0a0        0x4 CMakeFiles/rp2040_rubber_ducky.dir/lib/pico-sdk/src/rp2_common/pico_standard_binary_info/standard_binary_info.c.o
 .binary_info.keep.__bi_ptr42
                0x1000a0a4        0x4 CMakeFiles/rp2040_rubber_ducky.dir/lib/pico-sdk/src/rp2_common/pico_standard_binary_info/standard_binary_info.c.o
 .binary_info.keep.__bi_ptr34
                0x1000a0a8        0x4 CMakeFiles/rp2040_rubber_ducky.dir/lib/pico-sdk/src/rp2_common/pico_standard_binary_info/standard_binary_info.c.o
 .binary_info.keep.__bi_ptr26
                0x1000a0ac        0x4 CMakeFiles/rp2040_rubber_ducky.dir/lib/pico-sdk/src/rp2_common/pico_standard_binary_info/standard_binary_info.c.o
 .binary_info.keep.__bi_ptr153
                0x1000a0b0        0x4 CMakeFiles/rp2040_rubber_ducky.dir/lib/pico-sdk/lib/tinyusb/hw/bsp/rp2040/family.c.o
 *(.binary_info.*)
                0x1000a0b4                        __binary_info_end = .

.rel.dyn        0x1000a0b4        0x0
 .rel.iplt      0x1000a0b4        0x0 /usr/lib/gcc/arm-none-eabi/14.2.1/thumb/v6-m/nofp/crtbegin.o
                0x1000a0b4                        . = ALIGN (0x4)

.ram_vector_table
                0x20000000       0xc0
 *(.ram_vector_table)
 .ram_vector_table
                0x20000000       0xc0 CMakeFiles/rp2040_rubber_ducky.dir/lib/pico-sdk/src/rp2_common/pico_runtime_init/runtime_init.c.o
                0x20000000                ram_vector_table

.uninitialized_data
                0x200000c0        0x0
                0x200000c0                        . = ALIGN (0x4)
 *(.uninitialized_data*)

.data           0x200000c0     0x1150 load address 0x1000a0b4
                0x200000c0                        __data_start__ = .
 *(vtable)
 *(.time_critical*)
 .time_critical.mutex_try_enter_block_until
                0x200000c0       0x98 CMakeFiles/rp2040_rubber_ducky.dir/lib/pico-sdk/src/common/pico_sync/mutex.c.o
                0x200000c0                mutex_try_enter_block_until
 .time_critical.mutex_enter_timeout_ms
                0x20000158       0x8c CMakeFiles/rp2040_rubber_ducky.dir/lib/pico-sdk/src/common/pico_sync/mutex.c.o
                0x20000158                mutex_enter_timeout_ms
 .time_critical.mutex_exit
                0x200001e4       0x28 CMakeFiles/rp2040_rubber_ducky.dir/lib/pico-sdk/src/common/pico_sync/mutex.c.o
                0x200001e4                mutex_exit
 .time_critical.flash_init_boot2_copyout
                0x2000020c       0x30 CMakeFiles/rp2040_rubber_ducky.dir/lib/pico-sdk/src/rp2_common/hardware_flash/flash.c.o
 .time_critical.flash_enable_xip_via_boot2
                0x2000023c        0xc CMakeFiles/rp2040_rubber_ducky.dir/lib/pico-sdk/src/rp2_common/hardware_flash/flash.c.o
 .time_critical.flash_cs_force
                0x20000248       0x38 CMakeFiles/rp2040_rubber_ducky.dir/lib/pico-sdk/src/rp2_common/hardware_flash/flash.c.o
 .time_critical.flash_do_cmd
                0x20000280      0x130 CMakeFiles/rp2040_rubber_ducky.dir/lib/pico-sdk/src/rp2_common/hardware_flash/flash.c.o
                0x20000280                flash_do_cmd
 .time_critical.reset_non_control_endpoints
                0x200003b0       0x68 CMakeFiles/rp2040_rubber_ducky.dir/lib/pico-sdk/lib/tinyusb/src/portable/raspberrypi/rp2040/dcd_rp2040.c.o
 .time_critical.hw_handle_buff_status
                0x20000418       0xa0 CMakeFiles/rp2040_rubber_ducky.dir/lib/pico-sdk/lib/tinyusb/src/portable/raspberrypi/rp2040/dcd_rp2040.c.o
 .time_critical.dcd_rp2040_irq
                0x200004b8      0x548 CMakeFiles/rp2040_rubber_ducky.dir/lib/pico-sdk/lib/tinyusb/src/portable/raspberrypi/rp2040/dcd_rp2040.c.o
 .time_critical.prepare_ep_buffer
                0x20000a00       0xc8 CMakeFiles/rp2040_rubber_ducky.dir/lib/pico-sdk/lib/tinyusb/src/portable/raspberrypi/rp2040/rp2040_usb.c.o
 .time_critical.sync_ep_buffer
                0x20000ac8       0x9c CMakeFiles/rp2040_rubber_ducky.dir/lib/pico-sdk/lib/tinyusb/src/portable/raspberrypi/rp2040/rp2040_usb.c.o
 .time_critical._hw_endpoint_xfer_sync
                0x20000b64       0x28 CMakeFiles/rp2040_rubber_ducky.dir/lib/pico-sdk/lib/tinyusb/src/portable/raspberrypi/rp2040/rp2040_usb.c.o
 .time_critical.e15_is_bulkin_ep
                0x20000b8c       0x28 CMakeFiles/rp2040_rubber_ducky.dir/lib/pico-sdk/lib/tinyusb/src/portable/raspberrypi/rp2040/rp2040_usb.c.o
 .time_critical.e15_is_critical_frame_period
                0x20000bb4       0x34 CMakeFiles/rp2040_rubber_ducky.dir/lib/pico-sdk/lib/tinyusb/src/portable/raspberrypi/rp2040/rp2040_usb.c.o
 .time_critical.hw_endpoint_reset_transfer
                0x20000be8        0xc CMakeFiles/rp2040_rubber_ducky.dir/lib/pico-sdk/lib/tinyusb/src/portable/raspberrypi/rp2040/rp2040_usb.c.o
                0x20000be8                hw_endpoint_reset_transfer
 .time_critical._hw_endpoint_buffer_control_update32
                0x20000bf4       0x50 CMakeFiles/rp2040_rubber_ducky.dir/lib/pico-sdk/lib/tinyusb/src/portable/raspberrypi/rp2040/rp2040_usb.c.o
                0x20000bf4                _hw_endpoint_buffer_control_update32
 .time_critical.hw_endpoint_start_next_buffer
                0x20000c44       0x68 CMakeFiles/rp2040_rubber_ducky.dir/lib/pico-sdk/lib/tinyusb/src/portable/raspberrypi/rp2040/rp2040_usb.c.o
                0x20000c44                hw_endpoint_start_next_buffer
 .time_critical.hw_endpoint_xfer_continue
                0x20000cac       0x40 CMakeFiles/rp2040_rubber_ducky.dir/lib/pico-sdk/lib/tinyusb/src/portable/raspberrypi/rp2040/rp2040_usb.c.o
                0x20000cac                hw_endpoint_xfer_continue
 .time_critical.tinyusb
                0x20000cec      0x1e4 CMakeFiles/rp2040_rubber_ducky.dir/lib/pico-sdk/lib/tinyusb/src/device/usbd.c.o
                0x20000cec                dcd_event_handler
 .time_critical.spi_write_read_blocking
                0x20000ed0       0xb0 CMakeFiles/rp2040_rubber_ducky.dir/lib/pico-sdk/src/rp2_common/hardware_spi/spi.c.o
                0x20000ed0                spi_write_read_blocking
 *(.text*)
 .text          0x20000f80        0x4 /usr/lib/gcc/arm-none-eabi/14.2.1/thumb/v6-m/nofp/libgcc.a(_dvmd_tls.o)
                0x20000f80                __aeabi_ldiv0
                0x20000f80                __aeabi_idiv0
 *fill*         0x20000f84        0x4 
 .text.__stub   0x20000f88       0x80 linker stubs
                0x20001008                        . = ALIGN (0x4)
 *(.rodata*)
                0x20001008                        . = ALIGN (0x4)
 *(.data*)
 .data.string_desc_arr
                0x20001008       0x10 CMakeFiles/rp2040_rubber_ducky.dir/src/main.c.o
                0x20001008                string_desc_arr
 .data.key_delay
                0x20001018        0x4 CMakeFiles/rp2040_rubber_ducky.dir/src/main.c.o
 .data.striped_spin_lock_num
                0x2000101c        0x1 CMakeFiles/rp2040_rubber_ducky.dir/lib/pico-sdk/src/rp2_common/hardware_sync/sync.c.o
 *fill*         0x2000101d        0x3 
 .data          0x20001020       0x48 CMakeFiles/rp2040_rubber_ducky.dir/lib/pico-sdk/src/rp2_common/hardware_irq/irq_handler_chain.S.o
                0x20001020                irq_handler_chain_slots
                0x20001050                irq_handler_chain_first_slot
                0x2000105a                irq_handler_chain_remove_tail
 .data.default_alarm_pool
                0x20001068       0x18 CMakeFiles/rp2040_rubber_ducky.dir/lib/pico-sdk/src/common/pico_time/time.c.o
 *fill*         0x20001080        0x0 
 .data.aeabi_bits_funcs
                0x20001080       0x10 CMakeFiles/rp2040_rubber_ducky.dir/lib/pico-sdk/src/rp2_common/pico_bit_ops/bit_ops_aeabi.S.o
                0x20001080                aeabi_bits_funcs
                0x20001090                aeabi_bits_funcs_end
 .data.aeabi_mem_funcs
                0x20001090       0x10 CMakeFiles/rp2040_rubber_ducky.dir/lib/pico-sdk/src/rp2_common/pico_mem_ops/mem_ops_aeabi.S.o
                0x20001090                aeabi_mem_funcs
                0x200010a0                aeabi_mem_funcs_end
 .data._usbd_qdef
                0x200010a0       0x1c CMakeFiles/rp2040_rubber_ducky.dir/lib/pico-sdk/lib/tinyusb/src/device/usbd.c.o
                0x200010a0                _usbd_qdef
 .data._usbd_rhport
                0x200010bc        0x1 CMakeFiles/rp2040_rubber_ducky.dir/lib/pico-sdk/lib/tinyusb/src/device/usbd.c.o
 *fill*         0x200010bd        0x3 
 .data          0x200010c0      0x148 /usr/lib/gcc/arm-none-eabi/14.2.1/../../../arm-none-eabi/lib/thumb/v6-m/nofp/libg.a(libc_a-impure.o)
                0x200010c0                _impure_ptr
                0x200010c8                _impure_data
                0x20001208                        . = ALIGN (0x4)
 *(.after_data.*)
                0x20001208                        . = ALIGN (0x4)
                0x20001208                        PROVIDE (__mutex_array_start = .)
 *(SORT_BY_NAME(.mutex_array.*))
 *(.mutex_array)
 .mutex_array   0x20001208        0x8 CMakeFiles/rp2040_rubber_ducky.dir/lib/pico-sdk/src/rp2_common/pico_stdio/stdio.c.o
                0x20001210                        PROVIDE (__mutex_array_end = .)
                0x20001210                        . = ALIGN (0x4)
 *(.jcr)
                0x20001210                        . = ALIGN (0x4)

.tm_clone_table
                0x20001210        0x0 load address 0x1000b204
 .tm_clone_table
                0x20001210        0x0 /usr/lib/gcc/arm-none-eabi/14.2.1/thumb/v6-m/nofp/crtbegin.o
 .tm_clone_table
                0x20001210        0x0 /usr/lib/gcc/arm-none-eabi/14.2.1/thumb/v6-m/nofp/crtend.o

.igot.plt       0x20001210        0x0 load address 0x1000b204
 .igot.plt      0x20001210        0x0 /usr/lib/gcc/arm-none-eabi/14.2.1/thumb/v6-m/nofp/crtbegin.o

.tdata          0x20001210        0x0 load address 0x1000b204
                0x20001210                        . = ALIGN (0x4)
 *(.tdata .tdata.* .gnu.linkonce.td.*)
                0x20001210                        __tdata_end = .
                0x20001210                        PROVIDE (__data_end__ = .)
                0x1000a0b4                        __etext = LOADADDR (.data)

.tbss           0x20001210        0x0 load address 0x1000b204
                0x20001210                        . = ALIGN (0x4)
                0x20001210                        __bss_start__ = .
                0x20001210                        __tls_base = .
 *(.tbss .tbss.* .gnu.linkonce.tb.*)
 *(.tcommon)
                0x20001210                        __tls_end = .

.bss            0x20001210     0x3258 load address 0x1000b204
                0x20001210                        . = ALIGN (0x4)
                0x20001210                        __tbss_end = .
 *(SORT_BY_ALIGNMENT(SORT_BY_NAME(.bss*)))
 .bss.default_alarm_pool_entries
                0x20001210      0x180 CMakeFiles/rp2040_rubber_ducky.dir/lib/pico-sdk/src/common/pico_time/time.c.o
 .bss.sd_table  0x20001390      0x100 CMakeFiles/rp2040_rubber_ducky.dir/lib/pico-sdk/src/rp2_common/pico_double/double_init_rom_rp2040.c.o
                0x20001390                sd_table
 .bss.sf_table  0x20001490      0x100 CMakeFiles/rp2040_rubber_ducky.dir/lib/pico-sdk/src/rp2_common/pico_float/float_init_rom_rp2040.c.o
                0x20001490                sf_table
 .bss           0x20001590       0x1c /usr/lib/gcc/arm-none-eabi/14.2.1/thumb/v6-m/nofp/crtbegin.o
 .bss           0x200015ac      0x13c /usr/lib/gcc/arm-none-eabi/14.2.1/../../../arm-none-eabi/lib/thumb/v6-m/nofp/libg.a(libc_a-findfp.o)
                0x200015ac                __stdio_exit_handler
                0x200015b0                __sf
 .bss           0x200016e8      0x190 /usr/lib/gcc/arm-none-eabi/14.2.1/../../../arm-none-eabi/lib/thumb/v6-m/nofp/libg.a(libc_a-__atexit.o)
                0x200016e8                __atexit0
 .bss           0x20001878        0x4 /usr/lib/gcc/arm-none-eabi/14.2.1/../../../arm-none-eabi/lib/thumb/v6-m/nofp/libg.a(libc_a-__call_atexit.o)
                0x20001878                __atexit
 .bss.FatFs     0x2000187c        0x4 CMakeFiles/rp2040_rubber_ducky.dir/lib/fatfs/source/ff.c.o
 .bss._app_driver
                0x20001880        0x4 CMakeFiles/rp2040_rubber_ducky.dir/lib/pico-sdk/lib/tinyusb/src/device/usbd.c.o
 .bss._ctrl_epbuf
                0x20001884       0x40 CMakeFiles/rp2040_rubber_ducky.dir/lib/pico-sdk/lib/tinyusb/src/device/usbd_control.c.o
 .bss._ctrl_xfer
                0x200018c4       0x14 CMakeFiles/rp2040_rubber_ducky.dir/lib/pico-sdk/lib/tinyusb/src/device/usbd_control.c.o
 .bss._desc_str
                0x200018d8       0x40 CMakeFiles/rp2040_rubber_ducky.dir/src/main.c.o
 .bss._hidd_epbuf
                0x20001918       0x30 CMakeFiles/rp2040_rubber_ducky.dir/lib/pico-sdk/lib/tinyusb/src/class/hid/hid_device.c.o
 .bss._hidd_itf
                0x20001948        0xc CMakeFiles/rp2040_rubber_ducky.dir/lib/pico-sdk/lib/tinyusb/src/class/hid/hid_device.c.o
 .bss._mscd_epbuf
                0x20001954      0x200 CMakeFiles/rp2040_rubber_ducky.dir/lib/pico-sdk/lib/tinyusb/src/class/msc/msc_device.c.o
 .bss._mscd_itf
                0x20001b54       0x40 CMakeFiles/rp2040_rubber_ducky.dir/lib/pico-sdk/lib/tinyusb/src/class/msc/msc_device.c.o
 .bss._ubsd_mutexdef
                0x20001b94        0x8 CMakeFiles/rp2040_rubber_ducky.dir/lib/pico-sdk/lib/tinyusb/src/device/usbd.c.o
 .bss._usbd_dev
                0x20001b9c       0x54 CMakeFiles/rp2040_rubber_ducky.dir/lib/pico-sdk/lib/tinyusb/src/device/usbd.c.o
 .bss._usbd_mutex
                0x20001bf0        0x4 CMakeFiles/rp2040_rubber_ducky.dir/lib/pico-sdk/lib/tinyusb/src/device/usbd.c.o
 .bss._usbd_q   0x20001bf4        0x4 CMakeFiles/rp2040_rubber_ducky.dir/lib/pico-sdk/lib/tinyusb/src/device/usbd.c.o
 .bss._usbd_qdef_buf
                0x20001bf8       0xc0 CMakeFiles/rp2040_rubber_ducky.dir/lib/pico-sdk/lib/tinyusb/src/device/usbd.c.o
                0x20001bf8                _usbd_qdef_buf
 .bss.boot2_copyout
                0x20001cb8      0x100 CMakeFiles/rp2040_rubber_ducky.dir/lib/pico-sdk/src/rp2_common/hardware_flash/flash.c.o
 .bss.claimed   0x20001db8        0x4 CMakeFiles/rp2040_rubber_ducky.dir/lib/pico-sdk/src/rp2_common/hardware_sync/sync.c.o
 .bss.claimed   0x20001dbc        0x1 CMakeFiles/rp2040_rubber_ducky.dir/lib/pico-sdk/src/rp2_common/hardware_timer/timer.c.o
 *fill*         0x20001dbd        0x3 
 .bss.configured_freq
                0x20001dc0       0x28 CMakeFiles/rp2040_rubber_ducky.dir/lib/pico-sdk/src/rp2_common/hardware_clocks/clocks.c.o
 .bss.drivers   0x20001de8        0x4 CMakeFiles/rp2040_rubber_ducky.dir/lib/pico-sdk/src/rp2_common/pico_stdio/stdio.c.o
 .bss.ducky_script
                0x20001dec     0x2000 CMakeFiles/rp2040_rubber_ducky.dir/src/main.c.o
 .bss.e15_last_sof
                0x20003dec        0x4 CMakeFiles/rp2040_rubber_ducky.dir/lib/pico-sdk/lib/tinyusb/src/portable/raspberrypi/rp2040/rp2040_usb.c.o
                0x20003dec                e15_last_sof
 .bss.filter    0x20003df0        0x4 CMakeFiles/rp2040_rubber_ducky.dir/lib/pico-sdk/src/rp2_common/pico_stdio/stdio.c.o
 .bss.fs        0x20003df4      0x230 CMakeFiles/rp2040_rubber_ducky.dir/src/main.c.o
 .bss.hw_endpoints
                0x20004024      0x400 CMakeFiles/rp2040_rubber_ducky.dir/lib/pico-sdk/lib/tinyusb/src/portable/raspberrypi/rp2040/dcd_rp2040.c.o
 .bss.last_blink.0
                0x20004424        0x4 CMakeFiles/rp2040_rubber_ducky.dir/src/main.c.o
 .bss.last_key_time
                0x20004428        0x4 CMakeFiles/rp2040_rubber_ducky.dir/src/main.c.o
 .bss.lazy_vsnprintf
                0x2000442c        0x4 CMakeFiles/rp2040_rubber_ducky.dir/lib/pico-sdk/src/rp2_common/pico_printf/printf.c.o
 .bss.next_buffer_ptr
                0x20004430        0x4 CMakeFiles/rp2040_rubber_ducky.dir/lib/pico-sdk/lib/tinyusb/src/portable/raspberrypi/rp2040/dcd_rp2040.c.o
 .bss.pools     0x20004434       0x10 CMakeFiles/rp2040_rubber_ducky.dir/lib/pico-sdk/src/common/pico_time/time.c.o
 .bss.retrieved_id
                0x20004444        0x8 CMakeFiles/rp2040_rubber_ducky.dir/lib/pico-sdk/src/rp2_common/pico_unique_id/unique_id.c.o
 .bss.script_pos
                0x2000444c        0x4 CMakeFiles/rp2040_rubber_ducky.dir/src/main.c.o
 .bss.sd_sectors
                0x20004450        0x4 CMakeFiles/rp2040_rubber_ducky.dir/src/sd_card.c.o
 .bss.sf_clz_func
                0x20004454        0x4 CMakeFiles/rp2040_rubber_ducky.dir/lib/pico-sdk/src/rp2_common/pico_double/double_init_rom_rp2040.c.o
                0x20004454                sf_clz_func
 .bss.sleep_notifier
                0x20004458        0x4 CMakeFiles/rp2040_rubber_ducky.dir/lib/pico-sdk/src/common/pico_time/time.c.o
 .bss.Fsid      0x2000445c        0x2 CMakeFiles/rp2040_rubber_ducky.dir/lib/fatfs/source/ff.c.o
 .bss._app_driver_count
                0x2000445e        0x1 CMakeFiles/rp2040_rubber_ducky.dir/lib/pico-sdk/lib/tinyusb/src/device/usbd.c.o
 .bss._sof_enable
                0x2000445f        0x1 CMakeFiles/rp2040_rubber_ducky.dir/lib/pico-sdk/lib/tinyusb/src/portable/raspberrypi/rp2040/dcd_rp2040.c.o
 .bss._usbd_queued_setup
                0x20004460        0x1 CMakeFiles/rp2040_rubber_ducky.dir/lib/pico-sdk/lib/tinyusb/src/device/usbd.c.o
 .bss.boot2_copyout_valid
                0x20004461        0x1 CMakeFiles/rp2040_rubber_ducky.dir/lib/pico-sdk/src/rp2_common/hardware_flash/flash.c.o
 .bss.irq_handler_chain_free_slot_head
                0x20004462        0x1 CMakeFiles/rp2040_rubber_ducky.dir/lib/pico-sdk/src/rp2_common/hardware_irq/irq.c.o
 .bss.script_loaded
                0x20004463        0x1 CMakeFiles/rp2040_rubber_ducky.dir/src/main.c.o
 .bss.script_running
                0x20004464        0x1 CMakeFiles/rp2040_rubber_ducky.dir/src/main.c.o
 .bss.sd_initialized
                0x20004465        0x1 CMakeFiles/rp2040_rubber_ducky.dir/src/sd_card.c.o
 .bss.sd_mounted
                0x20004466        0x1 CMakeFiles/rp2040_rubber_ducky.dir/src/main.c.o
 *(COMMON)
                0x20004468                        . = ALIGN (0x4)
 *fill*         0x20004467        0x1 
                0x20004468                        __bss_end__ = .

.heap           0x20004468      0x800 load address 0x1000b204
                0x20004468                        __end__ = .
                0x20004468                        end = __end__
 *(.heap*)
 .heap          0x20004468      0x800 CMakeFiles/rp2040_rubber_ducky.dir/lib/pico-sdk/src/rp2_common/pico_crt0/crt0.S.o
                0x20040000                        __HeapLimit = (ORIGIN (RAM) + LENGTH (RAM))

.scratch_x      0x20040000        0x0 load address 0x1000b204
                0x20040000                        __scratch_x_start__ = .
 *(.scratch_x.*)
                0x20040000                        . = ALIGN (0x4)
                0x20040000                        __scratch_x_end__ = .
                0x1000b204                        __scratch_x_source__ = LOADADDR (.scratch_x)

.scratch_y      0x20041000        0x0 load address 0x1000b204
                0x20041000                        __scratch_y_start__ = .
 *(.scratch_y.*)
                0x20041000                        . = ALIGN (0x4)
                0x20041000                        __scratch_y_end__ = .
                0x1000b204                        __scratch_y_source__ = LOADADDR (.scratch_y)

.stack1_dummy
 *(.stack1*)

.stack_dummy    0x20041000      0x800
 *(.stack*)
 .stack         0x20041000      0x800 CMakeFiles/rp2040_rubber_ducky.dir/lib/pico-sdk/src/rp2_common/pico_crt0/crt0.S.o

.flash_end      0x1000b204        0x0
 *(.embedded_end_block*)
                0x1000b204                        PROVIDE (__flash_binary_end = .)
                0x20040000                        __StackLimit = (ORIGIN (RAM) + LENGTH (RAM))
                0x20041000                        __StackOneTop = (ORIGIN (SCRATCH_X) + LENGTH (SCRATCH_X))
                0x20042000                        __StackTop = (ORIGIN (SCRATCH_Y) + LENGTH (SCRATCH_Y))
                0x20041000                        __StackOneBottom = (__StackOneTop - SIZEOF (.stack1_dummy))
                0x20041800                        __StackBottom = (__StackTop - SIZEOF (.stack_dummy))
                0x20042000                        PROVIDE (__stack = __StackTop)
                [!provide]                        PROVIDE (__heap_start = __end__)
                [!provide]                        PROVIDE (__heap_end = __HeapLimit)
                [!provide]                        PROVIDE (__tls_align = MAX (ALIGNOF (.tdata), ALIGNOF (.tbss)))
                [!provide]                        PROVIDE (__tls_size_align = (((__tls_size + __tls_align) - 0x1) & ~ ((__tls_align - 0x1))))
                [!provide]                        PROVIDE (__arm32_tls_tcb_offset = MAX (0x8, __tls_align))
                [!provide]                        PROVIDE (_end = __end__)
                [!provide]                        PROVIDE (__llvm_libc_heap_limit = __HeapLimit)
                0x00000001                        ASSERT ((__StackLimit >= __HeapLimit), region RAM overflowed)
                0x00000001                        ASSERT (((__binary_info_header_end - __logical_binary_start) <= 0x100), Binary info must be in first 256 bytes of the binary)
LOAD CMakeFiles/rp2040_rubber_ducky.dir/src/main.c.o
LOAD CMakeFiles/rp2040_rubber_ducky.dir/src/sd_card.c.o
LOAD CMakeFiles/rp2040_rubber_ducky.dir/src/diskio.c.o
LOAD CMakeFiles/rp2040_rubber_ducky.dir/lib/fatfs/source/ff.c.o
LOAD CMakeFiles/rp2040_rubber_ducky.dir/lib/fatfs/source/ffsystem.c.o
LOAD CMakeFiles/rp2040_rubber_ducky.dir/lib/fatfs/source/ffunicode.c.o
LOAD CMakeFiles/rp2040_rubber_ducky.dir/lib/pico-sdk/src/rp2_common/pico_stdlib/stdlib.c.o
LOAD CMakeFiles/rp2040_rubber_ducky.dir/lib/pico-sdk/src/rp2_common/hardware_gpio/gpio.c.o
LOAD CMakeFiles/rp2040_rubber_ducky.dir/lib/pico-sdk/src/rp2040/pico_platform/platform.c.o
LOAD CMakeFiles/rp2040_rubber_ducky.dir/lib/pico-sdk/src/rp2_common/pico_platform_panic/panic.c.o
LOAD CMakeFiles/rp2040_rubber_ducky.dir/lib/pico-sdk/src/common/hardware_claim/claim.c.o
LOAD CMakeFiles/rp2040_rubber_ducky.dir/lib/pico-sdk/src/rp2_common/hardware_sync/sync.c.o
LOAD CMakeFiles/rp2040_rubber_ducky.dir/lib/pico-sdk/src/rp2_common/hardware_sync_spin_lock/sync_spin_lock.c.o
LOAD CMakeFiles/rp2040_rubber_ducky.dir/lib/pico-sdk/src/rp2_common/hardware_irq/irq.c.o
LOAD CMakeFiles/rp2040_rubber_ducky.dir/lib/pico-sdk/src/rp2_common/hardware_irq/irq_handler_chain.S.o
LOAD CMakeFiles/rp2040_rubber_ducky.dir/lib/pico-sdk/src/common/pico_sync/sem.c.o
LOAD CMakeFiles/rp2040_rubber_ducky.dir/lib/pico-sdk/src/common/pico_sync/lock_core.c.o
LOAD CMakeFiles/rp2040_rubber_ducky.dir/lib/pico-sdk/src/common/pico_sync/mutex.c.o
LOAD CMakeFiles/rp2040_rubber_ducky.dir/lib/pico-sdk/src/common/pico_sync/critical_section.c.o
LOAD CMakeFiles/rp2040_rubber_ducky.dir/lib/pico-sdk/src/common/pico_time/time.c.o
LOAD CMakeFiles/rp2040_rubber_ducky.dir/lib/pico-sdk/src/common/pico_time/timeout_helper.c.o
LOAD CMakeFiles/rp2040_rubber_ducky.dir/lib/pico-sdk/src/rp2_common/hardware_timer/timer.c.o
LOAD CMakeFiles/rp2040_rubber_ducky.dir/lib/pico-sdk/src/common/pico_util/datetime.c.o
LOAD CMakeFiles/rp2040_rubber_ducky.dir/lib/pico-sdk/src/common/pico_util/pheap.c.o
LOAD CMakeFiles/rp2040_rubber_ducky.dir/lib/pico-sdk/src/common/pico_util/queue.c.o
LOAD CMakeFiles/rp2040_rubber_ducky.dir/lib/pico-sdk/src/rp2_common/hardware_uart/uart.c.o
LOAD CMakeFiles/rp2040_rubber_ducky.dir/lib/pico-sdk/src/rp2_common/hardware_clocks/clocks.c.o
LOAD CMakeFiles/rp2040_rubber_ducky.dir/lib/pico-sdk/src/rp2_common/hardware_pll/pll.c.o
LOAD CMakeFiles/rp2040_rubber_ducky.dir/lib/pico-sdk/src/rp2_common/hardware_vreg/vreg.c.o
LOAD CMakeFiles/rp2040_rubber_ducky.dir/lib/pico-sdk/src/rp2_common/hardware_watchdog/watchdog.c.o
LOAD CMakeFiles/rp2040_rubber_ducky.dir/lib/pico-sdk/src/rp2_common/hardware_ticks/ticks.c.o
LOAD CMakeFiles/rp2040_rubber_ducky.dir/lib/pico-sdk/src/rp2_common/pico_bootrom/bootrom.c.o
LOAD CMakeFiles/rp2040_rubber_ducky.dir/lib/pico-sdk/src/rp2_common/pico_bootrom/bootrom_lock.c.o
LOAD CMakeFiles/rp2040_rubber_ducky.dir/lib/pico-sdk/src/rp2_common/hardware_boot_lock/boot_lock.c.o
LOAD CMakeFiles/rp2040_rubber_ducky.dir/lib/pico-sdk/src/rp2_common/pico_flash/flash.c.o
LOAD CMakeFiles/rp2040_rubber_ducky.dir/lib/pico-sdk/src/rp2_common/hardware_xosc/xosc.c.o
LOAD CMakeFiles/rp2040_rubber_ducky.dir/lib/pico-sdk/src/rp2_common/hardware_divider/divider.S.o
LOAD CMakeFiles/rp2040_rubber_ducky.dir/lib/pico-sdk/src/rp2_common/pico_runtime/runtime.c.o
LOAD CMakeFiles/rp2040_rubber_ducky.dir/lib/pico-sdk/src/rp2_common/pico_runtime_init/runtime_init.c.o
LOAD CMakeFiles/rp2040_rubber_ducky.dir/lib/pico-sdk/src/rp2_common/pico_runtime_init/runtime_init_clocks.c.o
LOAD CMakeFiles/rp2040_rubber_ducky.dir/lib/pico-sdk/src/rp2_common/pico_runtime_init/runtime_init_stack_guard.c.o
LOAD CMakeFiles/rp2040_rubber_ducky.dir/lib/pico-sdk/src/rp2_common/pico_bit_ops/bit_ops_aeabi.S.o
LOAD CMakeFiles/rp2040_rubber_ducky.dir/lib/pico-sdk/src/rp2_common/pico_divider/divider_hardware.S.o
LOAD CMakeFiles/rp2040_rubber_ducky.dir/lib/pico-sdk/src/rp2_common/pico_double/double_aeabi_rp2040.S.o
LOAD CMakeFiles/rp2040_rubber_ducky.dir/lib/pico-sdk/src/rp2_common/pico_double/double_init_rom_rp2040.c.o
LOAD CMakeFiles/rp2040_rubber_ducky.dir/lib/pico-sdk/src/rp2_common/pico_double/double_math.c.o
LOAD CMakeFiles/rp2040_rubber_ducky.dir/lib/pico-sdk/src/rp2_common/pico_double/double_v1_rom_shim_rp2040.S.o
LOAD CMakeFiles/rp2040_rubber_ducky.dir/lib/pico-sdk/src/rp2_common/pico_int64_ops/pico_int64_ops_aeabi.S.o
LOAD CMakeFiles/rp2040_rubber_ducky.dir/lib/pico-sdk/src/rp2_common/pico_float/float_aeabi_rp2040.S.o
LOAD CMakeFiles/rp2040_rubber_ducky.dir/lib/pico-sdk/src/rp2_common/pico_float/float_init_rom_rp2040.c.o
LOAD CMakeFiles/rp2040_rubber_ducky.dir/lib/pico-sdk/src/rp2_common/pico_float/float_math.c.o
LOAD CMakeFiles/rp2040_rubber_ducky.dir/lib/pico-sdk/src/rp2_common/pico_float/float_v1_rom_shim_rp2040.S.o
LOAD CMakeFiles/rp2040_rubber_ducky.dir/lib/pico-sdk/src/rp2_common/pico_malloc/malloc.c.o
LOAD CMakeFiles/rp2040_rubber_ducky.dir/lib/pico-sdk/src/rp2_common/pico_mem_ops/mem_ops_aeabi.S.o
LOAD CMakeFiles/rp2040_rubber_ducky.dir/lib/pico-sdk/src/rp2_common/pico_atomic/atomic.c.o
LOAD CMakeFiles/rp2040_rubber_ducky.dir/lib/pico-sdk/src/rp2_common/pico_cxx_options/new_delete.cpp.o
LOAD CMakeFiles/rp2040_rubber_ducky.dir/lib/pico-sdk/src/rp2_common/pico_standard_binary_info/standard_binary_info.c.o
LOAD CMakeFiles/rp2040_rubber_ducky.dir/lib/pico-sdk/src/rp2_common/pico_printf/printf.c.o
LOAD CMakeFiles/rp2040_rubber_ducky.dir/lib/pico-sdk/src/rp2_common/pico_crt0/crt0.S.o
LOAD CMakeFiles/rp2040_rubber_ducky.dir/lib/pico-sdk/src/rp2_common/pico_clib_interface/newlib_interface.c.o
LOAD CMakeFiles/rp2040_rubber_ducky.dir/lib/pico-sdk/src/rp2_common/pico_stdio/stdio.c.o
LOAD CMakeFiles/rp2040_rubber_ducky.dir/lib/pico-sdk/src/rp2_common/pico_stdio_usb/reset_interface.c.o
LOAD CMakeFiles/rp2040_rubber_ducky.dir/lib/pico-sdk/src/rp2_common/pico_stdio_usb/stdio_usb.c.o
LOAD CMakeFiles/rp2040_rubber_ducky.dir/lib/pico-sdk/src/rp2_common/pico_stdio_usb/stdio_usb_descriptors.c.o
LOAD CMakeFiles/rp2040_rubber_ducky.dir/lib/pico-sdk/src/rp2_common/pico_unique_id/unique_id.c.o
LOAD CMakeFiles/rp2040_rubber_ducky.dir/lib/pico-sdk/src/rp2_common/hardware_flash/flash.c.o
LOAD CMakeFiles/rp2040_rubber_ducky.dir/lib/pico-sdk/src/rp2_common/hardware_xip_cache/xip_cache.c.o
LOAD CMakeFiles/rp2040_rubber_ducky.dir/lib/pico-sdk/lib/tinyusb/src/portable/raspberrypi/rp2040/dcd_rp2040.c.o
LOAD CMakeFiles/rp2040_rubber_ducky.dir/lib/pico-sdk/lib/tinyusb/src/portable/raspberrypi/rp2040/rp2040_usb.c.o
LOAD CMakeFiles/rp2040_rubber_ducky.dir/lib/pico-sdk/lib/tinyusb/src/device/usbd.c.o
LOAD CMakeFiles/rp2040_rubber_ducky.dir/lib/pico-sdk/lib/tinyusb/src/device/usbd_control.c.o
LOAD CMakeFiles/rp2040_rubber_ducky.dir/lib/pico-sdk/lib/tinyusb/src/class/audio/audio_device.c.o
LOAD CMakeFiles/rp2040_rubber_ducky.dir/lib/pico-sdk/lib/tinyusb/src/class/cdc/cdc_device.c.o
LOAD CMakeFiles/rp2040_rubber_ducky.dir/lib/pico-sdk/lib/tinyusb/src/class/dfu/dfu_device.c.o
LOAD CMakeFiles/rp2040_rubber_ducky.dir/lib/pico-sdk/lib/tinyusb/src/class/dfu/dfu_rt_device.c.o
LOAD CMakeFiles/rp2040_rubber_ducky.dir/lib/pico-sdk/lib/tinyusb/src/class/hid/hid_device.c.o
LOAD CMakeFiles/rp2040_rubber_ducky.dir/lib/pico-sdk/lib/tinyusb/src/class/midi/midi_device.c.o
LOAD CMakeFiles/rp2040_rubber_ducky.dir/lib/pico-sdk/lib/tinyusb/src/class/msc/msc_device.c.o
LOAD CMakeFiles/rp2040_rubber_ducky.dir/lib/pico-sdk/lib/tinyusb/src/class/net/ecm_rndis_device.c.o
LOAD CMakeFiles/rp2040_rubber_ducky.dir/lib/pico-sdk/lib/tinyusb/src/class/net/ncm_device.c.o
LOAD CMakeFiles/rp2040_rubber_ducky.dir/lib/pico-sdk/lib/tinyusb/src/class/usbtmc/usbtmc_device.c.o
LOAD CMakeFiles/rp2040_rubber_ducky.dir/lib/pico-sdk/lib/tinyusb/src/class/vendor/vendor_device.c.o
LOAD CMakeFiles/rp2040_rubber_ducky.dir/lib/pico-sdk/lib/tinyusb/src/class/video/video_device.c.o
LOAD CMakeFiles/rp2040_rubber_ducky.dir/lib/pico-sdk/lib/tinyusb/src/tusb.c.o
LOAD CMakeFiles/rp2040_rubber_ducky.dir/lib/pico-sdk/lib/tinyusb/src/common/tusb_fifo.c.o
LOAD CMakeFiles/rp2040_rubber_ducky.dir/lib/pico-sdk/src/rp2_common/pico_fix/rp2040_usb_device_enumeration/rp2040_usb_device_enumeration.c.o